Archive member included because of file (symbol)

c:/freescale/kds_3.0.0/toolchain/bin/../lib/gcc/arm-none-eabi/4.8.4/../../../../arm-none-eabi/lib/armv7e-m\libg_s.a(lib_a-exit.o)
                              c:/freescale/kds_3.0.0/toolchain/bin/../lib/gcc/arm-none-eabi/4.8.4/../../../../arm-none-eabi/lib/armv7e-m/crt0.o (exit)
c:/freescale/kds_3.0.0/toolchain/bin/../lib/gcc/arm-none-eabi/4.8.4/../../../../arm-none-eabi/lib/armv7e-m\libg_s.a(lib_a-impure.o)
                              c:/freescale/kds_3.0.0/toolchain/bin/../lib/gcc/arm-none-eabi/4.8.4/../../../../arm-none-eabi/lib/armv7e-m\libg_s.a(lib_a-exit.o) (_global_impure_ptr)
c:/freescale/kds_3.0.0/toolchain/bin/../lib/gcc/arm-none-eabi/4.8.4/../../../../arm-none-eabi/lib/armv7e-m\libg_s.a(lib_a-init.o)
                              c:/freescale/kds_3.0.0/toolchain/bin/../lib/gcc/arm-none-eabi/4.8.4/../../../../arm-none-eabi/lib/armv7e-m/crt0.o (__libc_init_array)
c:/freescale/kds_3.0.0/toolchain/bin/../lib/gcc/arm-none-eabi/4.8.4/../../../../arm-none-eabi/lib/armv7e-m\libg_s.a(lib_a-memcpy-stub.o)
                              ./Generated_Code/usb_dci_kinetis.o (memcpy)
c:/freescale/kds_3.0.0/toolchain/bin/../lib/gcc/arm-none-eabi/4.8.4/../../../../arm-none-eabi/lib/armv7e-m\libg_s.a(lib_a-memset.o)
                              c:/freescale/kds_3.0.0/toolchain/bin/../lib/gcc/arm-none-eabi/4.8.4/../../../../arm-none-eabi/lib/armv7e-m/crt0.o (memset)
c:/freescale/kds_3.0.0/toolchain/bin/../lib/gcc/arm-none-eabi/4.8.4/../../../../arm-none-eabi/lib/armv7e-m\libnosys.a(_exit.o)
                              c:/freescale/kds_3.0.0/toolchain/bin/../lib/gcc/arm-none-eabi/4.8.4/../../../../arm-none-eabi/lib/armv7e-m\libg_s.a(lib_a-exit.o) (_exit)

Allocating common symbols
Common symbol       size              file

IntI2cLdd1_DeviceDataPtr
                    0x4               ./Generated_Code/CI2C1.o
SR_reg              0x1               ./Generated_Code/Cpu.o
g_class_request_params
                    0x2               ./Generated_Code/usb_hid.o
CI2C1_SndRcvTemp    0x2               ./Generated_Code/CI2C1.o
g_Mem               0x400             ./Generated_Code/usb_dci_kinetis.o

Discarded input sections

 .text          0x00000000        0x0 c:/freescale/kds_3.0.0/toolchain/bin/../lib/gcc/arm-none-eabi/4.8.4/armv7e-m/crti.o
 .data          0x00000000        0x0 c:/freescale/kds_3.0.0/toolchain/bin/../lib/gcc/arm-none-eabi/4.8.4/armv7e-m/crti.o
 .bss           0x00000000        0x0 c:/freescale/kds_3.0.0/toolchain/bin/../lib/gcc/arm-none-eabi/4.8.4/armv7e-m/crti.o
 .data          0x00000000        0x4 c:/freescale/kds_3.0.0/toolchain/bin/../lib/gcc/arm-none-eabi/4.8.4/armv7e-m/crtbegin.o
 .data          0x00000000        0x0 c:/freescale/kds_3.0.0/toolchain/bin/../lib/gcc/arm-none-eabi/4.8.4/../../../../arm-none-eabi/lib/armv7e-m/crt0.o
 .bss           0x00000000        0x0 c:/freescale/kds_3.0.0/toolchain/bin/../lib/gcc/arm-none-eabi/4.8.4/../../../../arm-none-eabi/lib/armv7e-m/crt0.o
 .ARM.extab     0x00000000        0x0 c:/freescale/kds_3.0.0/toolchain/bin/../lib/gcc/arm-none-eabi/4.8.4/../../../../arm-none-eabi/lib/armv7e-m/crt0.o
 .group         0x00000000        0x8 ./Sources/Events.o
 .group         0x00000000        0x8 ./Sources/Events.o
 .group         0x00000000        0x8 ./Sources/Events.o
 .group         0x00000000        0x8 ./Sources/Events.o
 .group         0x00000000        0x8 ./Sources/Events.o
 .group         0x00000000        0x8 ./Sources/Events.o
 .group         0x00000000        0x8 ./Sources/Events.o
 .group         0x00000000        0x8 ./Sources/Events.o
 .group         0x00000000        0x8 ./Sources/Events.o
 .group         0x00000000        0x8 ./Sources/Events.o
 .group         0x00000000        0x8 ./Sources/Events.o
 .group         0x00000000        0x8 ./Sources/Events.o
 .group         0x00000000        0x8 ./Sources/Events.o
 .group         0x00000000        0x8 ./Sources/Events.o
 .group         0x00000000        0x8 ./Sources/Events.o
 .text          0x00000000        0x0 ./Sources/Events.o
 .data          0x00000000        0x0 ./Sources/Events.o
 .bss           0x00000000        0x0 ./Sources/Events.o
 .group         0x00000000        0x8 ./Sources/main.o
 .group         0x00000000        0x8 ./Sources/main.o
 .group         0x00000000        0x8 ./Sources/main.o
 .group         0x00000000        0x8 ./Sources/main.o
 .group         0x00000000        0x8 ./Sources/main.o
 .group         0x00000000        0x8 ./Sources/main.o
 .group         0x00000000        0x8 ./Sources/main.o
 .group         0x00000000        0x8 ./Sources/main.o
 .group         0x00000000        0x8 ./Sources/main.o
 .group         0x00000000        0x8 ./Sources/main.o
 .group         0x00000000        0x8 ./Sources/main.o
 .group         0x00000000        0x8 ./Sources/main.o
 .group         0x00000000        0x8 ./Sources/main.o
 .group         0x00000000        0x8 ./Sources/main.o
 .group         0x00000000        0x8 ./Sources/main.o
[...]
Memory Configuration

Name             Origin             Length             Attributes
m_interrupts     0x00000000         0x000000f8         xr
m_text           0x00000410         0x0001fbf0         xr
m_data           0x1fffe000         0x00002000         rw
m_data_20000000  0x20000000         0x00002000         rw
m_cfmprotrom     0x00000400         0x00000010         xr
*default*        0x00000000         0xffffffff

Linker script and memory map

LOAD c:/freescale/kds_3.0.0/toolchain/bin/../lib/gcc/arm-none-eabi/4.8.4/armv7e-m/crti.o
LOAD c:/freescale/kds_3.0.0/toolchain/bin/../lib/gcc/arm-none-eabi/4.8.4/armv7e-m/crtbegin.o
LOAD c:/freescale/kds_3.0.0/toolchain/bin/../lib/gcc/arm-none-eabi/4.8.4/../../../../arm-none-eabi/lib/armv7e-m/crt0.o
LOAD ./Sources/Events.o
LOAD ./Sources/main.o
LOAD ./Project_Settings/Startup_Code/startup.o
LOAD ./Generated_Code/CI2C1.o
LOAD ./Generated_Code/CS1.o
LOAD ./Generated_Code/Cpu.o
LOAD ./Generated_Code/HIDM1.o
LOAD ./Generated_Code/IntI2cLdd1.o
LOAD ./Generated_Code/PE_LDD.o
LOAD ./Generated_Code/Tx2.o
LOAD ./Generated_Code/USB0.o
LOAD ./Generated_Code/USB1.o
LOAD ./Generated_Code/Vectors.o
LOAD ./Generated_Code/usb_class.o
LOAD ./Generated_Code/usb_dci_kinetis.o
LOAD ./Generated_Code/usb_descriptor.o
LOAD ./Generated_Code/usb_driver.o
LOAD ./Generated_Code/usb_framework.o
LOAD ./Generated_Code/usb_hid.o
LOAD ./Generated_Code/wdt_kinetis.o
LOAD c:/freescale/kds_3.0.0/toolchain/bin/../lib/gcc/arm-none-eabi/4.8.4/../../../../arm-none-eabi/lib/armv7e-m\libstdc++_s.a
LOAD c:/freescale/kds_3.0.0/toolchain/bin/../lib/gcc/arm-none-eabi/4.8.4/../../../../arm-none-eabi/lib/armv7e-m\libm.a
START GROUP
LOAD c:/freescale/kds_3.0.0/toolchain/bin/../lib/gcc/arm-none-eabi/4.8.4/armv7e-m\libgcc.a
LOAD c:/freescale/kds_3.0.0/toolchain/bin/../lib/gcc/arm-none-eabi/4.8.4/../../../../arm-none-eabi/lib/armv7e-m\libg_s.a
LOAD c:/freescale/kds_3.0.0/toolchain/bin/../lib/gcc/arm-none-eabi/4.8.4/../../../../arm-none-eabi/lib/armv7e-m\libc_s.a
END GROUP
START GROUP
LOAD c:/freescale/kds_3.0.0/toolchain/bin/../lib/gcc/arm-none-eabi/4.8.4/armv7e-m\libgcc.a
LOAD c:/freescale/kds_3.0.0/toolchain/bin/../lib/gcc/arm-none-eabi/4.8.4/../../../../arm-none-eabi/lib/armv7e-m\libc_s.a
LOAD c:/freescale/kds_3.0.0/toolchain/bin/../lib/gcc/arm-none-eabi/4.8.4/../../../../arm-none-eabi/lib/armv7e-m\libnosys.a
END GROUP
START GROUP
LOAD c:/freescale/kds_3.0.0/toolchain/bin/../lib/gcc/arm-none-eabi/4.8.4/armv7e-m\libgcc.a
LOAD c:/freescale/kds_3.0.0/toolchain/bin/../lib/gcc/arm-none-eabi/4.8.4/../../../../arm-none-eabi/lib/armv7e-m\libc_s.a
LOAD c:/freescale/kds_3.0.0/toolchain/bin/../lib/gcc/arm-none-eabi/4.8.4/../../../../arm-none-eabi/lib/armv7e-m\libnosys.a
END GROUP
LOAD c:/freescale/kds_3.0.0/toolchain/bin/../lib/gcc/arm-none-eabi/4.8.4/armv7e-m/crtend.o
LOAD c:/freescale/kds_3.0.0/toolchain/bin/../lib/gcc/arm-none-eabi/4.8.4/armv7e-m/crtn.o
                0x20000000                _estack = 0x20000000
                0x20000000                __SP_INIT = _estack
                0x20000000                __stack = _estack
                0x00000000                __heap_size = 0x0
                0x00000400                __stack_size = 0x400

.interrupts     0x00000000       0xf8
                0x00000000                __vector_table = .
                0x00000000                . = ALIGN (0x4)
 *(.vectortable)
 .vectortable   0x00000000       0xf8 ./Generated_Code/Vectors.o
                0x00000000                __vect_table
                0x000000f8                . = ALIGN (0x4)

.cfmprotect     0x00000400       0x10
                0x00000400                . = ALIGN (0x4)
 *(.cfmconfig)
 .cfmconfig     0x00000400       0x10 ./Generated_Code/Cpu.o
                0x00000400                _cfm
                0x00000410                . = ALIGN (0x4)

.text           0x00000410     0x4024
                0x00000410                . = ALIGN (0x4)
 *(.text)
 .text          0x00000410       0x54 c:/freescale/kds_3.0.0/toolchain/bin/../lib/gcc/arm-none-eabi/4.8.4/armv7e-m/crtbegin.o
 .text          0x00000464       0x74 c:/freescale/kds_3.0.0/toolchain/bin/../lib/gcc/arm-none-eabi/4.8.4/../../../../arm-none-eabi/lib/armv7e-m/crt0.o
                0x00000464                _start
                0x00000464                _mainCRTStartup
 *(.text*)
 .text.Cpu_OnNMIINT
                0x000004d8        0xc ./Sources/Events.o
                0x000004d8                Cpu_OnNMIINT
 .text.main     0x000004e4       0x9c ./Sources/main.o
                0x000004e4                main
 .text.__copy_rom_section
                0x00000580       0xe4 ./Project_Settings/Startup_Code/startup.o
                0x00000580                __copy_rom_section
 .text.__copy_rom_sections_to_ram
                0x00000664       0x9c ./Project_Settings/Startup_Code/startup.o
                0x00000664                __copy_rom_sections_to_ram
 .text.__init_registers
                0x00000700        0xc ./Project_Settings/Startup_Code/startup.o
                0x00000700                __init_registers
 .text.__init_user
                0x0000070c        0xc ./Project_Settings/Startup_Code/startup.o
                0x0000070c                __init_user
 .text.__thumb_startup
                0x00000718       0x34 ./Project_Settings/Startup_Code/startup.o
                0x00000718                __thumb_startup
 .text.CI2C1_SendChar
                0x0000074c       0x2c ./Generated_Code/CI2C1.o
                0x0000074c                CI2C1_SendChar
 .text.CI2C1_SendBlock
                0x00000778      0x134 ./Generated_Code/CI2C1.o
                0x00000778                CI2C1_SendBlock
 .text.CI2C1_RecvBlock
                0x000008ac      0x12c ./Generated_Code/CI2C1.o
                0x000008ac                CI2C1_RecvBlock
 .text.CI2C1_Init
                0x000009d8       0x18 ./Generated_Code/CI2C1.o
                0x000009d8                CI2C1_Init
 .text.Cpu_INT_NMIInterrupt
                0x000009f0       0x1c ./Generated_Code/Cpu.o
                0x000009f0                Cpu_INT_NMIInterrupt
 .text.Cpu_Interrupt
                0x00000a0c       0x18 ./Generated_Code/Cpu.o
                0x00000a0c                Cpu_Interrupt
 .text.__init_hardware
                0x00000a24      0x18c ./Generated_Code/Cpu.o
                0x00000a24                __init_hardware
 .text.Cpu_SetBASEPRI
                0x00000bb0       0x18 ./Generated_Code/Cpu.o
                0x00000bb0                Cpu_SetBASEPRI
 .text.PE_low_level_init
                0x00000bc8       0xc0 ./Generated_Code/Cpu.o
                0x00000bc8                PE_low_level_init
 .text.USB_App_Param_Callback
                0x00000c88       0xe8 ./Generated_Code/HIDM1.o
                0x00000c88                USB_App_Param_Callback
 .text.HIDM1_App_Callback
                0x00000d70       0x68 ./Generated_Code/HIDM1.o
                0x00000d70                HIDM1_App_Callback
 .text.HIDM1_App_Task
                0x00000dd8       0x94 ./Generated_Code/HIDM1.o
                0x00000dd8                HIDM1_App_Task
 .text.HIDM1_Init
                0x00000e6c       0x48 ./Generated_Code/HIDM1.o
                0x00000e6c                HIDM1_Init
 .text.HIDM1_Move
                0x00000eb4       0x2c ./Generated_Code/HIDM1.o
                0x00000eb4                HIDM1_Move
 .text.IntI2cLdd1_Main
                0x00000ee0      0x2d4 ./Generated_Code/IntI2cLdd1.o
                0x00000ee0                IntI2cLdd1_Main
 .text.IntI2cLdd1_Init
                0x000011b4      0x110 ./Generated_Code/IntI2cLdd1.o
                0x000011b4                IntI2cLdd1_Init
 .text.IntI2cLdd1_MasterSendBlock
                0x000012c4      0x14c ./Generated_Code/IntI2cLdd1.o
                0x000012c4                IntI2cLdd1_MasterSendBlock
 .text.IntI2cLdd1_MasterGetBlockSentStatus
                0x00001410       0x30 ./Generated_Code/IntI2cLdd1.o
                0x00001410                IntI2cLdd1_MasterGetBlockSentStatus
 .text.IntI2cLdd1_MasterGetSentDataNum
                0x00001440       0x18 ./Generated_Code/IntI2cLdd1.o
                0x00001440                IntI2cLdd1_MasterGetSentDataNum
 .text.IntI2cLdd1_MasterReceiveBlock
                0x00001458      0x148 ./Generated_Code/IntI2cLdd1.o
                0x00001458                IntI2cLdd1_MasterReceiveBlock
 .text.IntI2cLdd1_MasterGetBlockReceivedStatus
                0x000015a0       0x38 ./Generated_Code/IntI2cLdd1.o
                0x000015a0                IntI2cLdd1_MasterGetBlockReceivedStatus
 .text.IntI2cLdd1_MasterGetReceivedDataNum
                0x000015d8       0x18 ./Generated_Code/IntI2cLdd1.o
                0x000015d8                IntI2cLdd1_MasterGetReceivedDataNum
 .text.IntI2cLdd1_GetError
                0x000015f0       0x2c ./Generated_Code/IntI2cLdd1.o
                0x000015f0                IntI2cLdd1_GetError
 .text.IntI2cLdd1_CheckBus
                0x0000161c       0x3c ./Generated_Code/IntI2cLdd1.o
                0x0000161c                IntI2cLdd1_CheckBus
 .text.Tx2_Put  0x00001658       0x78 ./Generated_Code/Tx2.o
                0x00001658                Tx2_Put
 .text.Tx2_Get  0x000016d0       0x78 ./Generated_Code/Tx2.o
                0x000016d0                Tx2_Get
 .text.Tx2_Init
                0x00001748       0x2c ./Generated_Code/Tx2.o
                0x00001748                Tx2_Init
 .text.Tx2_Clear
                0x00001774       0x20 ./Generated_Code/Tx2.o
                0x00001774                Tx2_Clear
 .text.USB0_Init
                0x00001794      0x198 ./Generated_Code/USB0.o
                0x00001794                USB0_Init
 .text.USB1_usb_int_en
                0x0000192c       0x20 ./Generated_Code/USB1.o
                0x0000192c                USB1_usb_int_en
 .text.USB1_Init
                0x0000194c       0x28 ./Generated_Code/USB1.o
                0x0000194c                USB1_Init
 .text.USB_Suspend_Service
                0x00001974       0x40 ./Generated_Code/usb_class.o
                0x00001974                USB_Suspend_Service
 .text.USB_Resume_Service
                0x000019b4       0x50 ./Generated_Code/usb_class.o
                0x000019b4                USB_Resume_Service
 .text.USB_Stall_Service
                0x00001a04       0x34 ./Generated_Code/usb_class.o
                0x00001a04                USB_Stall_Service
 .text.USB_Sof_Service
                0x00001a38       0x40 ./Generated_Code/usb_class.o
                0x00001a38                USB_Sof_Service
 .text.USB_Reset_Service
                0x00001a78       0xbc ./Generated_Code/usb_class.o
                0x00001a78                USB_Reset_Service
 .text.USB_Error_Service
                0x00001b34       0x28 ./Generated_Code/usb_class.o
                0x00001b34                USB_Error_Service
 .text.USB_Class_Init
                0x00001b5c       0xec ./Generated_Code/usb_class.o
                0x00001b5c                USB_Class_Init
 .text.USB_Class_Initiate_Resume
                0x00001c48       0x70 ./Generated_Code/usb_class.o
                0x00001c48                USB_Class_Initiate_Resume
 .text.USB_Class_Send_Data
                0x00001cb8       0x48 ./Generated_Code/usb_class.o
                0x00001cb8                USB_Class_Send_Data
 .text.USB_Class_Periodic_Task
                0x00001d00        0xc ./Generated_Code/usb_class.o
                0x00001d00                USB_Class_Periodic_Task
 .text.USB_Bus_Reset_Handler
                0x00001d0c       0xc0 ./Generated_Code/usb_dci_kinetis.o
 .text.USB_DCI_Get_BDT_Index
                0x00001dcc       0x44 ./Generated_Code/usb_dci_kinetis.o
 .text.USB_DCI_Validate_Param
                0x00001e10       0x5c ./Generated_Code/usb_dci_kinetis.o
 .text.USB_DCI_Prepare_Send_Data
                0x00001e6c       0x6c ./Generated_Code/usb_dci_kinetis.o
 .text.USB_DCI_Init
                0x00001ed8      0x160 ./Generated_Code/usb_dci_kinetis.o
                0x00001ed8                USB_DCI_Init
 .text.USB_DCI_Init_EndPoint
                0x00002038      0x20c ./Generated_Code/usb_dci_kinetis.o
                0x00002038                USB_DCI_Init_EndPoint
 .text._usb_device_cancel_transfer
                0x00002244       0xa4 ./Generated_Code/usb_dci_kinetis.o
                0x00002244                _usb_device_cancel_transfer
 .text.USB_DCI_Deinit_EndPoint
                0x000022e8       0xb0 ./Generated_Code/usb_dci_kinetis.o
                0x000022e8                USB_DCI_Deinit_EndPoint
 .text._usb_device_stall_endpoint
                0x00002398       0x7c ./Generated_Code/usb_dci_kinetis.o
                0x00002398                _usb_device_stall_endpoint
 .text._usb_device_unstall_endpoint
                0x00002414       0xe4 ./Generated_Code/usb_dci_kinetis.o
                0x00002414                _usb_device_unstall_endpoint
 .text._usb_device_clear_data0_endpoint
                0x000024f8       0x60 ./Generated_Code/usb_dci_kinetis.o
                0x000024f8                _usb_device_clear_data0_endpoint
 .text._usb_device_recv_data
                0x00002558      0x138 ./Generated_Code/usb_dci_kinetis.o
                0x00002558                _usb_device_recv_data
 .text._usb_device_send_data
                0x00002690       0xe0 ./Generated_Code/usb_dci_kinetis.o
                0x00002690                _usb_device_send_data
 .text._usb_device_set_address
                0x00002770       0x30 ./Generated_Code/usb_dci_kinetis.o
                0x00002770                _usb_device_set_address
 .text._usb_device_assert_resume
                0x000027a0       0xb8 ./Generated_Code/usb_dci_kinetis.o
                0x000027a0                _usb_device_assert_resume
 .text.USB_Bus_Token_Cpl_Handler
                0x00002858      0x328 ./Generated_Code/usb_dci_kinetis.o
 .text.USB_ISR  0x00002b80      0x2a4 ./Generated_Code/usb_dci_kinetis.o
                0x00002b80                USB_ISR
 .text.Clear_Mem
                0x00002e24       0x24 ./Generated_Code/usb_dci_kinetis.o
                0x00002e24                Clear_Mem
 .text.USB_Desc_Get_Descriptor
                0x00002e48      0x14c ./Generated_Code/usb_descriptor.o
                0x00002e48                USB_Desc_Get_Descriptor
 .text.USB_Desc_Get_Interface
                0x00002f94       0x38 ./Generated_Code/usb_descriptor.o
                0x00002f94                USB_Desc_Get_Interface
 .text.USB_Desc_Set_Interface
                0x00002fcc       0x38 ./Generated_Code/usb_descriptor.o
                0x00002fcc                USB_Desc_Set_Interface
 .text.USB_Desc_Valid_Configation
                0x00003004       0x44 ./Generated_Code/usb_descriptor.o
                0x00003004                USB_Desc_Valid_Configation
 .text.USB_Desc_Remote_Wakeup
                0x00003048       0x18 ./Generated_Code/usb_descriptor.o
                0x00003048                USB_Desc_Remote_Wakeup
 .text.USB_Desc_Get_Endpoints
                0x00003060       0x1c ./Generated_Code/usb_descriptor.o
                0x00003060                USB_Desc_Get_Endpoints
 .text.USB_Device_Init_Params
                0x0000307c       0x60 ./Generated_Code/usb_driver.o
 .text._usb_device_init
                0x000030dc       0x48 ./Generated_Code/usb_driver.o
                0x000030dc                _usb_device_init
 .text._usb_device_init_endpoint
                0x00003124       0x74 ./Generated_Code/usb_driver.o
                0x00003124                _usb_device_init_endpoint
 .text._usb_device_deinit_endpoint
                0x00003198       0x6c ./Generated_Code/usb_driver.o
                0x00003198                _usb_device_deinit_endpoint
 .text._usb_device_get_status
                0x00003204       0x68 ./Generated_Code/usb_driver.o
                0x00003204                _usb_device_get_status
 .text._usb_device_set_status
                0x0000326c       0xbc ./Generated_Code/usb_driver.o
                0x0000326c                _usb_device_set_status
 .text._usb_device_register_service
                0x00003328       0x20 ./Generated_Code/usb_driver.o
                0x00003328                _usb_device_register_service
 .text.USB_Device_Call_Service
                0x00003348       0x3c ./Generated_Code/usb_driver.o
                0x00003348                USB_Device_Call_Service
 .text.USB_NULL_CALLBACK
                0x00003384       0x14 ./Generated_Code/usb_driver.o
                0x00003384                USB_NULL_CALLBACK
 .text.USB_Framework_Init
                0x00003398       0x44 ./Generated_Code/usb_framework.o
                0x00003398                USB_Framework_Init
 .text.USB_Control_Service
                0x000033dc      0x1dc ./Generated_Code/usb_framework.o
                0x000033dc                USB_Control_Service
 .text.USB_Control_Service_Handler
                0x000035b8       0x74 ./Generated_Code/usb_framework.o
 .text.USB_Strd_Req_Get_Status
                0x0000362c      0x170 ./Generated_Code/usb_framework.o
 .text.USB_Strd_Req_Feature
                0x0000379c      0x174 ./Generated_Code/usb_framework.o
 .text.USB_Strd_Req_Set_Address
                0x00003910       0x3c ./Generated_Code/usb_framework.o
 .text.USB_Strd_Req_Assign_Address
                0x0000394c       0x44 ./Generated_Code/usb_framework.o
 .text.USB_Strd_Req_Get_Config
                0x00003990       0x4c ./Generated_Code/usb_framework.o
 .text.USB_Strd_Req_Set_Config
                0x000039dc       0x9c ./Generated_Code/usb_framework.o
 .text.USB_Strd_Req_Get_Interface
                0x00003a78       0x50 ./Generated_Code/usb_framework.o
 .text.USB_Strd_Req_Set_Interface
                0x00003ac8       0x4c ./Generated_Code/usb_framework.o
 .text.USB_Strd_Req_Sync_Frame
                0x00003b14       0x48 ./Generated_Code/usb_framework.o
 .text.USB_Strd_Req_Get_Descriptor
                0x00003b5c       0x54 ./Generated_Code/usb_framework.o
 .text.USB_Map_Ep_To_Struct_Index
                0x00003bb0       0x54 ./Generated_Code/usb_hid.o
 .text.USB_Service_Hid
                0x00003c04       0xe4 ./Generated_Code/usb_hid.o
                0x00003c04                USB_Service_Hid
 .text.USB_Class_Hid_Event
                0x00003ce8      0x16c ./Generated_Code/usb_hid.o
                0x00003ce8                USB_Class_Hid_Event
 .text.USB_Other_Requests
                0x00003e54      0x17c ./Generated_Code/usb_hid.o
 .text.USB_Class_HID_Init
                0x00003fd0      0x10c ./Generated_Code/usb_hid.o
                0x00003fd0                USB_Class_HID_Init
 .text.USB_Class_HID_Send_Data
                0x000040dc      0x14c ./Generated_Code/usb_hid.o
                0x000040dc                USB_Class_HID_Send_Data
 .text.Watchdog_Reset
                0x00004228       0x20 ./Generated_Code/wdt_kinetis.o
                0x00004228                Watchdog_Reset
 .text.exit     0x00004248       0x28 c:/freescale/kds_3.0.0/toolchain/bin/../lib/gcc/arm-none-eabi/4.8.4/../../../../arm-none-eabi/lib/armv7e-m\libg_s.a(lib_a-exit.o)
                0x00004248                exit
 .text.__libc_init_array
                0x00004270       0x4c c:/freescale/kds_3.0.0/toolchain/bin/../lib/gcc/arm-none-eabi/4.8.4/../../../../arm-none-eabi/lib/armv7e-m\libg_s.a(lib_a-init.o)
                0x00004270                __libc_init_array
 .text.memcpy   0x000042bc       0x12 c:/freescale/kds_3.0.0/toolchain/bin/../lib/gcc/arm-none-eabi/4.8.4/../../../../arm-none-eabi/lib/armv7e-m\libg_s.a(lib_a-memcpy-stub.o)
                0x000042bc                memcpy
 .text.memset   0x000042ce       0x10 c:/freescale/kds_3.0.0/toolchain/bin/../lib/gcc/arm-none-eabi/4.8.4/../../../../arm-none-eabi/lib/armv7e-m\libg_s.a(lib_a-memset.o)
                0x000042ce                memset
 *fill*         0x000042de        0x2 
 .text._exit    0x000042e0        0x4 c:/freescale/kds_3.0.0/toolchain/bin/../lib/gcc/arm-none-eabi/4.8.4/../../../../arm-none-eabi/lib/armv7e-m\libnosys.a(_exit.o)
                0x000042e0                _exit
 *(.rodata)
 .rodata        0x000042e4        0x8 ./Generated_Code/usb_dci_kinetis.o
 *(.rodata*)
 .rodata.usb_desc_ep
                0x000042ec        0x8 ./Generated_Code/usb_descriptor.o
                0x000042ec                usb_desc_ep
 .rodata.g_std_desc_size
                0x000042f4       0x14 ./Generated_Code/usb_descriptor.o
                0x000042f4                g_std_desc_size
 .rodata.g_std_descriptors
                0x00004308       0x24 ./Generated_Code/usb_descriptor.o
                0x00004308                g_std_descriptors
 .rodata.g_string_desc_size
                0x0000432c        0x4 ./Generated_Code/usb_descriptor.o
                0x0000432c                g_string_desc_size
 .rodata.g_string_descriptors
                0x00004330       0x10 ./Generated_Code/usb_descriptor.o
                0x00004330                g_string_descriptors
 .rodata.g_languages
                0x00004340       0x14 ./Generated_Code/usb_descriptor.o
                0x00004340                g_languages
 .rodata.g_valid_config_values
                0x00004354        0x4 ./Generated_Code/usb_descriptor.o
                0x00004354                g_valid_config_values
 .rodata.g_usb_CB
                0x00004358       0x60 ./Generated_Code/usb_driver.o
 .rodata.g_validate_request
                0x000043b8       0x28 ./Generated_Code/usb_framework.o
                0x000043b8                g_validate_request
 .rodata.g_standard_request
                0x000043e0       0x34 ./Generated_Code/usb_framework.o
                0x000043e0                g_standard_request
 .rodata.str1.1
                0x00004414        0x2 c:/freescale/kds_3.0.0/toolchain/bin/../lib/gcc/arm-none-eabi/4.8.4/../../../../arm-none-eabi/lib/armv7e-m\libg_s.a(lib_a-impure.o)
 *fill*         0x00004416        0x2 
 .rodata._global_impure_ptr
                0x00004418        0x4 c:/freescale/kds_3.0.0/toolchain/bin/../lib/gcc/arm-none-eabi/4.8.4/../../../../arm-none-eabi/lib/armv7e-m\libg_s.a(lib_a-impure.o)
                0x00004418                _global_impure_ptr
 *(.glue_7)
 .glue_7        0x00000000        0x0 linker stubs
 *(.glue_7t)
 .glue_7t       0x00000000        0x0 linker stubs
 *(.eh_frame)
 .eh_frame      0x0000441c        0x0 c:/freescale/kds_3.0.0/toolchain/bin/../lib/gcc/arm-none-eabi/4.8.4/armv7e-m/crtbegin.o
 *(.init)
 .init          0x0000441c        0x4 c:/freescale/kds_3.0.0/toolchain/bin/../lib/gcc/arm-none-eabi/4.8.4/armv7e-m/crti.o
                0x0000441c                _init
 .init          0x00004420        0x8 c:/freescale/kds_3.0.0/toolchain/bin/../lib/gcc/arm-none-eabi/4.8.4/armv7e-m/crtn.o
 *(.fini)
 .fini          0x00004428        0x4 c:/freescale/kds_3.0.0/toolchain/bin/../lib/gcc/arm-none-eabi/4.8.4/armv7e-m/crti.o
                0x00004428                _fini
 .fini          0x0000442c        0x8 c:/freescale/kds_3.0.0/toolchain/bin/../lib/gcc/arm-none-eabi/4.8.4/armv7e-m/crtn.o
                0x00004434                . = ALIGN (0x4)
                0x00004434                _etext = .

.vfp11_veneer   0x00004434        0x0
 .vfp11_veneer  0x00000000        0x0 linker stubs

.v4_bx          0x00004434        0x0
 .v4_bx         0x00000000        0x0 linker stubs

.iplt           0x00004434        0x0
 .iplt          0x00000000        0x0 c:/freescale/kds_3.0.0/toolchain/bin/../lib/gcc/arm-none-eabi/4.8.4/armv7e-m/crtbegin.o

.ARM.extab
 *(.ARM.extab* .gnu.linkonce.armextab.*)

.ARM            0x00004434        0x8
                0x00004434                __exidx_start = .
 *(.ARM.exidx*)
 .ARM.exidx     0x00004434        0x8 c:/freescale/kds_3.0.0/toolchain/bin/../lib/gcc/arm-none-eabi/4.8.4/../../../../arm-none-eabi/lib/armv7e-m/crt0.o
                0x0000443c                __exidx_end = .

.rel.dyn        0x0000443c        0x0
 .rel.iplt      0x00000000        0x0 c:/freescale/kds_3.0.0/toolchain/bin/../lib/gcc/arm-none-eabi/4.8.4/armv7e-m/crtbegin.o

.ctors          0x0000443c        0x0
                0x0000443c                __CTOR_LIST__ = .
 *crtbegin.o(.ctors)
 *(EXCLUDE_FILE(*crtend.o) .ctors)
 *(SORT(.ctors.*))
 *(.ctors)
                0x0000443c                __CTOR_END__ = .

.dtors          0x0000443c        0x0
                0x0000443c                __DTOR_LIST__ = .
 *crtbegin.o(.dtors)
 *(EXCLUDE_FILE(*crtend.o) .dtors)
 *(SORT(.dtors.*))
 *(.dtors)
                0x0000443c                __DTOR_END__ = .

.preinit_array  0x0000443c        0x0
                0x0000443c                PROVIDE (__preinit_array_start, .)
 *(.preinit_array*)
                0x0000443c                PROVIDE (__preinit_array_end, .)

.init_array     0x0000443c        0x4
                0x0000443c                PROVIDE (__init_array_start, .)
 *(SORT(.init_array.*))
 *(.init_array*)
 .init_array    0x0000443c        0x4 c:/freescale/kds_3.0.0/toolchain/bin/../lib/gcc/arm-none-eabi/4.8.4/armv7e-m/crtbegin.o
                0x00004440                PROVIDE (__init_array_end, .)

.fini_array     0x00004440        0x4
                0x00004440                PROVIDE (__fini_array_start, .)
 *(SORT(.fini_array.*))
 *(.fini_array*)
 .fini_array    0x00004440        0x4 c:/freescale/kds_3.0.0/toolchain/bin/../lib/gcc/arm-none-eabi/4.8.4/armv7e-m/crtbegin.o
                0x00004444                PROVIDE (__fini_array_end, .)
                0x00004444                ___ROM_AT = .

.data           0x1fffe000      0x154 load address 0x00004444
                0x1fffe000                . = ALIGN (0x4)
                0x1fffe000                _sdata = .
 *(.data)
 *(.data*)
 .data.g_trf_direction
                0x1fffe000        0x1 ./Generated_Code/usb_dci_kinetis.o
 *fill*         0x1fffe001        0x3 
 .data.g_device_descriptor
                0x1fffe004       0x14 ./Generated_Code/usb_descriptor.o
                0x1fffe004                g_device_descriptor
 .data.g_config_descriptor
                0x1fffe018       0x24 ./Generated_Code/usb_descriptor.o
                0x1fffe018                g_config_descriptor
 .data.g_report_descriptor
                0x1fffe03c       0x34 ./Generated_Code/usb_descriptor.o
                0x1fffe03c                g_report_descriptor
 .data.USB_STR_0
                0x1fffe070        0x4 ./Generated_Code/usb_descriptor.o
                0x1fffe070                USB_STR_0
 .data.USB_STR_1
                0x1fffe074       0x3c ./Generated_Code/usb_descriptor.o
                0x1fffe074                USB_STR_1
 .data.USB_STR_2
                0x1fffe0b0       0x20 ./Generated_Code/usb_descriptor.o
                0x1fffe0b0                USB_STR_2
 .data.USB_STR_n
                0x1fffe0d0       0x24 ./Generated_Code/usb_descriptor.o
                0x1fffe0d0                USB_STR_n
 .data.impure_data
                0x1fffe0f4       0x60 c:/freescale/kds_3.0.0/toolchain/bin/../lib/gcc/arm-none-eabi/4.8.4/../../../../arm-none-eabi/lib/armv7e-m\libg_s.a(lib_a-impure.o)
                0x1fffe154                . = ALIGN (0x4)
                0x1fffe154                _edata = .
                0x00000154                ___data_size = (_edata - _sdata)
                0x00004598                ___m_data_20000000_ROMStart = (___ROM_AT + SIZEOF (.data))

.jcr            0x1fffe154        0x0 load address 0x00004598
 .jcr           0x1fffe154        0x0 c:/freescale/kds_3.0.0/toolchain/bin/../lib/gcc/arm-none-eabi/4.8.4/armv7e-m/crtbegin.o

.igot.plt       0x1fffe154        0x0 load address 0x00004598
 .igot.plt      0x00000000        0x0 c:/freescale/kds_3.0.0/toolchain/bin/../lib/gcc/arm-none-eabi/4.8.4/armv7e-m/crtbegin.o

.m_data_20000000
                0x20000000        0x0 load address 0x00004598
                0x20000000                . = ALIGN (0x4)
                0x20000000                ___m_data_20000000_RAMStart = .
 *(.m_data_20000000)
                0x20000000                ___m_data_20000000_RAMEnd = .
                0x20000000                . = ALIGN (0x4)
                0x00000000                ___m_data_20000000_ROMSize = (___m_data_20000000_RAMEnd - ___m_data_20000000_RAMStart)
                0x20000000                . = ALIGN (0x4)

.bss            0x1fffe200      0x804 load address 0x00004800
                0x1fffe200                __START_BSS = .
                0x1fffe200                PROVIDE (__bss_start__, __START_BSS)
 *(.bss)
 .bss           0x1fffe200       0x1c c:/freescale/kds_3.0.0/toolchain/bin/../lib/gcc/arm-none-eabi/4.8.4/armv7e-m/crtbegin.o
 *(.bss*)
 .bss.ChrTemp   0x1fffe21c        0x1 ./Generated_Code/CI2C1.o
 *fill*         0x1fffe21d        0x3 
 .bss.rpt_buf   0x1fffe220        0x4 ./Generated_Code/HIDM1.o
 .bss.g_app_request_params
                0x1fffe224        0x4 ./Generated_Code/HIDM1.o
 .bss.transactionOngoing
                0x1fffe228        0x1 ./Generated_Code/HIDM1.o
 .bss.mouse_init
                0x1fffe229        0x1 ./Generated_Code/HIDM1.o
 *fill*         0x1fffe22a        0x2 
 .bss.DeviceDataPrv__DEFAULT_RTOS_ALLOC
                0x1fffe22c       0x1c ./Generated_Code/IntI2cLdd1.o
 .bss.PE_LDD_DeviceDataList
                0x1fffe248        0x4 ./Generated_Code/PE_LDD.o
                0x1fffe248                PE_LDD_DeviceDataList
 .bss.Tx2_buffer
                0x1fffe24c       0x10 ./Generated_Code/Tx2.o
 .bss.Tx2_inIdx
                0x1fffe25c        0x1 ./Generated_Code/Tx2.o
 .bss.Tx2_outIdx
                0x1fffe25d        0x1 ./Generated_Code/Tx2.o
 .bss.Tx2_inSize
                0x1fffe25e        0x1 ./Generated_Code/Tx2.o
 *fill*         0x1fffe25f        0x1 
 .bss.g_class_callback
                0x1fffe260        0x4 ./Generated_Code/usb_class.o
 .bss.g_device_state_before_suspend
                0x1fffe264        0x1 ./Generated_Code/usb_class.o
 *fill*         0x1fffe265        0x3 
 .bss.g_bdtmap  0x1fffe268        0x4 ./Generated_Code/usb_dci_kinetis.o
                0x1fffe268                g_bdtmap
 .bss.g_bdt_elem
                0x1fffe26c      0x240 ./Generated_Code/usb_dci_kinetis.o
 .bss.g_dci_controller_Id
                0x1fffe4ac        0x1 ./Generated_Code/usb_dci_kinetis.o
 *fill*         0x1fffe4ad        0x3 
 .bss.g_bdt_address
                0x1fffe4b0        0x4 ./Generated_Code/usb_dci_kinetis.o
 .bss.g_alternate_interface
                0x1fffe4b4        0x4 ./Generated_Code/usb_descriptor.o
 .bss.device_desc_req_count
                0x1fffe4b8        0x4 ./Generated_Code/usb_descriptor.o
                0x1fffe4b8                device_desc_req_count
 .bss.g_usb_component_status
                0x1fffe4bc        0x8 ./Generated_Code/usb_driver.o
 .bss.g_usb_ep_status
                0x1fffe4c4        0x8 ./Generated_Code/usb_driver.o
 .bss.g_EPn     0x1fffe4cc        0x1 ./Generated_Code/usb_driver.o
 .bss.g_EPn_max
                0x1fffe4cd        0x1 ./Generated_Code/usb_driver.o
 *fill*         0x1fffe4ce        0x2 
 .bss.g_setup_pkt
                0x1fffe4d0        0x8 ./Generated_Code/usb_framework.o
 .bss.g_std_framework_data
                0x1fffe4d8        0x2 ./Generated_Code/usb_framework.o
 .bss.g_assigned_address
                0x1fffe4da        0x1 ./Generated_Code/usb_framework.o
 *fill*         0x1fffe4db        0x1 
 .bss.g_framework_callback
                0x1fffe4dc        0x4 ./Generated_Code/usb_framework.o
 .bss.g_other_req_callback
                0x1fffe4e0        0x4 ./Generated_Code/usb_framework.o
 .bss.ext_req_to_host
                0x1fffe4e4       0x28 ./Generated_Code/usb_framework.o
 .bss.g_hid_endpoint_data
                0x1fffe50c       0x3c ./Generated_Code/usb_hid.o
 .bss.g_hid_class_callback
                0x1fffe548        0x4 ./Generated_Code/usb_hid.o
 .bss.g_vendor_req_callback
                0x1fffe54c        0x4 ./Generated_Code/usb_hid.o
 .bss.g_param_callback
                0x1fffe550        0x4 ./Generated_Code/usb_hid.o
 .bss.rpt_buf.6130
                0x1fffe554        0x4 ./Generated_Code/usb_hid.o
 *(COMMON)
 COMMON         0x1fffe558        0x6 ./Generated_Code/CI2C1.o
                0x1fffe558                IntI2cLdd1_DeviceDataPtr
                0x1fffe55c                CI2C1_SndRcvTemp
 *fill*         0x1fffe55e       0xa2 
 COMMON         0x1fffe600      0x400 ./Generated_Code/usb_dci_kinetis.o
                0x1fffe600                g_Mem
 COMMON         0x1fffea00        0x2 ./Generated_Code/usb_hid.o
                0x1fffea00                g_class_request_params
                0x1fffea04                . = ALIGN (0x4)
 *fill*         0x1fffea02        0x2 
                0x1fffea04                __END_BSS = .
                0x1fffea04                PROVIDE (__bss_end__, __END_BSS)
                0x00004598                _romp_at = ((___ROM_AT + SIZEOF (.data)) + SIZEOF (.m_data_20000000))

.romp           0x1fffea04       0x24 load address 0x00004598
                0x00004598                __S_romp = _romp_at
                0x1fffea04        0x4 LONG 0x4444 ___ROM_AT
                0x1fffea08        0x4 LONG 0x1fffe000 _sdata
                0x1fffea0c        0x4 LONG 0x154 ___data_size
                0x1fffea10        0x4 LONG 0x4598 ___m_data_20000000_ROMStart
                0x1fffea14        0x4 LONG 0x20000000 ___m_data_20000000_RAMStart
                0x1fffea18        0x4 LONG 0x0 ___m_data_20000000_ROMSize
                0x1fffea1c        0x4 LONG 0x0
                0x1fffea20        0x4 LONG 0x0
                0x1fffea24        0x4 LONG 0x0

._user_heap_stack
                0x1fffea28      0x400 load address 0x000045bc
                0x1fffea28                . = ALIGN (0x4)
                0x1fffea28                PROVIDE (end, .)
                0x1fffea28                PROVIDE (_end, .)
                0x1fffea28                __heap_addr = .
                0x1fffea28                __HeapBase = .
                0x1fffea28                . = (. + __heap_size)
                0x1fffea28                __HeapLimit = .
                0x1fffee28                . = (. + __stack_size)
 *fill*         0x1fffea28      0x400 
                0x1fffee28                . = ALIGN (0x4)

.ARM.attributes
                0x00000000       0x2a
 *(.ARM.attributes)
 .ARM.attributes
                0x00000000       0x1e c:/freescale/kds_3.0.0/toolchain/bin/../lib/gcc/arm-none-eabi/4.8.4/armv7e-m/crti.o
 .ARM.attributes
                0x0000001e       0x2e c:/freescale/kds_3.0.0/toolchain/bin/../lib/gcc/arm-none-eabi/4.8.4/armv7e-m/crtbegin.o
 .ARM.attributes
                0x0000004c       0x1c c:/freescale/kds_3.0.0/toolchain/bin/../lib/gcc/arm-none-eabi/4.8.4/../../../../arm-none-eabi/lib/armv7e-m/crt0.o
 .ARM.attributes
                0x00000068       0x33 ./Sources/Events.o
 .ARM.attributes
                0x0000009b       0x33 ./Sources/main.o
 .ARM.attributes
                0x000000ce       0x33 ./Project_Settings/Startup_Code/startup.o
 .ARM.attributes
                0x00000101       0x33 ./Generated_Code/CI2C1.o
 .ARM.attributes
                0x00000134       0x33 ./Generated_Code/Cpu.o
 .ARM.attributes
                0x00000167       0x33 ./Generated_Code/HIDM1.o
 .ARM.attributes
                0x0000019a       0x33 ./Generated_Code/IntI2cLdd1.o
 .ARM.attributes
                0x000001cd       0x33 ./Generated_Code/PE_LDD.o
 .ARM.attributes
                0x00000200       0x33 ./Generated_Code/Tx2.o
 .ARM.attributes
                0x00000233       0x33 ./Generated_Code/USB0.o
 .ARM.attributes
                0x00000266       0x33 ./Generated_Code/USB1.o
 .ARM.attributes
                0x00000299       0x33 ./Generated_Code/Vectors.o
 .ARM.attributes
                0x000002cc       0x33 ./Generated_Code/usb_class.o
 .ARM.attributes
                0x000002ff       0x33 ./Generated_Code/usb_dci_kinetis.o
 .ARM.attributes
                0x00000332       0x33 ./Generated_Code/usb_descriptor.o
 .ARM.attributes
                0x00000365       0x33 ./Generated_Code/usb_driver.o
 .ARM.attributes
                0x00000398       0x33 ./Generated_Code/usb_framework.o
 .ARM.attributes
                0x000003cb       0x33 ./Generated_Code/usb_hid.o
 .ARM.attributes
                0x000003fe       0x33 ./Generated_Code/wdt_kinetis.o
 .ARM.attributes
                0x00000431       0x2e c:/freescale/kds_3.0.0/toolchain/bin/../lib/gcc/arm-none-eabi/4.8.4/../../../../arm-none-eabi/lib/armv7e-m\libg_s.a(lib_a-exit.o)
 .ARM.attributes
                0x0000045f       0x2e c:/freescale/kds_3.0.0/toolchain/bin/../lib/gcc/arm-none-eabi/4.8.4/../../../../arm-none-eabi/lib/armv7e-m\libg_s.a(lib_a-impure.o)
 .ARM.attributes
                0x0000048d       0x2e c:/freescale/kds_3.0.0/toolchain/bin/../lib/gcc/arm-none-eabi/4.8.4/../../../../arm-none-eabi/lib/armv7e-m\libg_s.a(lib_a-init.o)
 .ARM.attributes
                0x000004bb       0x2e c:/freescale/kds_3.0.0/toolchain/bin/../lib/gcc/arm-none-eabi/4.8.4/../../../../arm-none-eabi/lib/armv7e-m\libg_s.a(lib_a-memcpy-stub.o)
 .ARM.attributes
                0x000004e9       0x2e c:/freescale/kds_3.0.0/toolchain/bin/../lib/gcc/arm-none-eabi/4.8.4/../../../../arm-none-eabi/lib/armv7e-m\libg_s.a(lib_a-memset.o)
 .ARM.attributes
                0x00000517       0x2e c:/freescale/kds_3.0.0/toolchain/bin/../lib/gcc/arm-none-eabi/4.8.4/../../../../arm-none-eabi/lib/armv7e-m\libnosys.a(_exit.o)
 .ARM.attributes
                0x00000545       0x1e c:/freescale/kds_3.0.0/toolchain/bin/../lib/gcc/arm-none-eabi/4.8.4/armv7e-m/crtn.o
OUTPUT(CC3501Week7Lab.elf elf32-littlearm)

.debug_info     0x00000000     0x6130
 .debug_info    0x00000000       0x96 ./Sources/Events.o
 .debug_info    0x00000096      0x114 ./Sources/main.o
 .debug_info    0x000001aa      0x20a ./Project_Settings/Startup_Code/startup.o
 .debug_info    0x000003b4      0x30b ./Generated_Code/CI2C1.o
 .debug_info    0x000006bf      0x9e9 ./Generated_Code/Cpu.o
 .debug_info    0x000010a8      0x3bb ./Generated_Code/HIDM1.o
 .debug_info    0x00001463      0x8c1 ./Generated_Code/IntI2cLdd1.o
 .debug_info    0x00001d24      0x251 ./Generated_Code/PE_LDD.o
 .debug_info    0x00001f75      0x268 ./Generated_Code/Tx2.o
 .debug_info    0x000021dd      0x5ed ./Generated_Code/USB0.o
 .debug_info    0x000027ca      0x257 ./Generated_Code/USB1.o
 .debug_info    0x00002a21      0x10e ./Generated_Code/Vectors.o
 .debug_info    0x00002b2f      0x4d0 ./Generated_Code/usb_class.o
 .debug_info    0x00002fff     0x1381 ./Generated_Code/usb_dci_kinetis.o
 .debug_info    0x00004380      0x5f7 ./Generated_Code/usb_descriptor.o
 .debug_info    0x00004977      0x55c ./Generated_Code/usb_driver.o
 .debug_info    0x00004ed3      0x92f ./Generated_Code/usb_framework.o
 .debug_info    0x00005802      0x7c1 ./Generated_Code/usb_hid.o
 .debug_info    0x00005fc3      0x16d ./Generated_Code/wdt_kinetis.o

.debug_abbrev   0x00000000     0x16f7
 .debug_abbrev  0x00000000       0x45 ./Sources/Events.o
 .debug_abbrev  0x00000045       0x8d ./Sources/main.o
 .debug_abbrev  0x000000d2      0x11e ./Project_Settings/Startup_Code/startup.o
 .debug_abbrev  0x000001f0      0x124 ./Generated_Code/CI2C1.o
 .debug_abbrev  0x00000314      0x178 ./Generated_Code/Cpu.o
 .debug_abbrev  0x0000048c      0x18a ./Generated_Code/HIDM1.o
 .debug_abbrev  0x00000616      0x182 ./Generated_Code/IntI2cLdd1.o
 .debug_abbrev  0x00000798      0x10d ./Generated_Code/PE_LDD.o
 .debug_abbrev  0x000008a5       0xea ./Generated_Code/Tx2.o
 .debug_abbrev  0x0000098f       0xe9 ./Generated_Code/USB0.o
 .debug_abbrev  0x00000a78      0x10b ./Generated_Code/USB1.o
 .debug_abbrev  0x00000b83       0xa4 ./Generated_Code/Vectors.o
 .debug_abbrev  0x00000c27      0x170 ./Generated_Code/usb_class.o
 .debug_abbrev  0x00000d97      0x2a7 ./Generated_Code/usb_dci_kinetis.o
 .debug_abbrev  0x0000103e      0x120 ./Generated_Code/usb_descriptor.o
 .debug_abbrev  0x0000115e      0x192 ./Generated_Code/usb_driver.o
 .debug_abbrev  0x000012f0      0x1bb ./Generated_Code/usb_framework.o
 .debug_abbrev  0x000014ab      0x1bf ./Generated_Code/usb_hid.o
 .debug_abbrev  0x0000166a       0x8d ./Generated_Code/wdt_kinetis.o

.debug_aranges  0x00000000      0x5c8
 .debug_aranges
                0x00000000       0x20 ./Sources/Events.o
 .debug_aranges
                0x00000020       0x20 ./Sources/main.o
 .debug_aranges
                0x00000040       0x50 ./Project_Settings/Startup_Code/startup.o
 .debug_aranges
                0x00000090       0x40 ./Generated_Code/CI2C1.o
 .debug_aranges
                0x000000d0       0x40 ./Generated_Code/Cpu.o
 .debug_aranges
                0x00000110       0x60 ./Generated_Code/HIDM1.o
 .debug_aranges
                0x00000170       0x70 ./Generated_Code/IntI2cLdd1.o
 .debug_aranges
                0x000001e0       0x30 ./Generated_Code/PE_LDD.o
 .debug_aranges
                0x00000210       0x50 ./Generated_Code/Tx2.o
 .debug_aranges
                0x00000260       0x20 ./Generated_Code/USB0.o
 .debug_aranges
                0x00000280       0x38 ./Generated_Code/USB1.o
 .debug_aranges
                0x000002b8       0x18 ./Generated_Code/Vectors.o
 .debug_aranges
                0x000002d0       0x70 ./Generated_Code/usb_class.o
 .debug_aranges
                0x00000340       0xc8 ./Generated_Code/usb_dci_kinetis.o
 .debug_aranges
                0x00000408       0x50 ./Generated_Code/usb_descriptor.o
 .debug_aranges
                0x00000458       0x70 ./Generated_Code/usb_driver.o
 .debug_aranges
                0x000004c8       0x90 ./Generated_Code/usb_framework.o
 .debug_aranges
                0x00000558       0x50 ./Generated_Code/usb_hid.o
 .debug_aranges
                0x000005a8       0x20 ./Generated_Code/wdt_kinetis.o

.debug_ranges   0x00000000      0x490
 .debug_ranges  0x00000000       0x10 ./Sources/Events.o
 .debug_ranges  0x00000010       0x10 ./Sources/main.o
 .debug_ranges  0x00000020       0x40 ./Project_Settings/Startup_Code/startup.o
 .debug_ranges  0x00000060       0x30 ./Generated_Code/CI2C1.o
 .debug_ranges  0x00000090       0x30 ./Generated_Code/Cpu.o
 .debug_ranges  0x000000c0       0x50 ./Generated_Code/HIDM1.o
 .debug_ranges  0x00000110       0x60 ./Generated_Code/IntI2cLdd1.o
 .debug_ranges  0x00000170       0x20 ./Generated_Code/PE_LDD.o
 .debug_ranges  0x00000190       0x40 ./Generated_Code/Tx2.o
 .debug_ranges  0x000001d0       0x10 ./Generated_Code/USB0.o
 .debug_ranges  0x000001e0       0x28 ./Generated_Code/USB1.o
 .debug_ranges  0x00000208       0x60 ./Generated_Code/usb_class.o
 .debug_ranges  0x00000268       0xb8 ./Generated_Code/usb_dci_kinetis.o
 .debug_ranges  0x00000320       0x40 ./Generated_Code/usb_descriptor.o
 .debug_ranges  0x00000360       0x60 ./Generated_Code/usb_driver.o
 .debug_ranges  0x000003c0       0x80 ./Generated_Code/usb_framework.o
 .debug_ranges  0x00000440       0x40 ./Generated_Code/usb_hid.o
 .debug_ranges  0x00000480       0x10 ./Generated_Code/wdt_kinetis.o

.debug_macro    0x00000000    0x1aa2d
 .debug_macro   0x00000000      0x128 ./Sources/Events.o
 .debug_macro   0x00000128      0x84a ./Sources/Events.o
 .debug_macro   0x00000972       0x16 ./Sources/Events.o
 .debug_macro   0x00000988       0x44 ./Sources/Events.o
 .debug_macro   0x000009cc      0x209 ./Sources/Events.o
 .debug_macro   0x00000bd5     0x165d ./Sources/Events.o
 .debug_macro   0x00002232      0x14e ./Sources/Events.o
 .debug_macro   0x00002380       0x6a ./Sources/Events.o
 .debug_macro   0x000023ea     0x9b9f ./Sources/Events.o
 .debug_macro   0x0000bf89       0x9a ./Sources/Events.o
 .debug_macro   0x0000c023       0x2e ./Sources/Events.o
 .debug_macro   0x0000c051       0x1d ./Sources/Events.o
 .debug_macro   0x0000c06e      0x166 ./Sources/Events.o
 .debug_macro   0x0000c1d4       0x22 ./Sources/Events.o
 .debug_macro   0x0000c1f6       0x40 ./Sources/Events.o
 .debug_macro   0x0000c236       0x5f ./Sources/Events.o
 .debug_macro   0x0000c295      0x128 ./Sources/main.o
 .debug_macro   0x0000c3bd      0x121 ./Project_Settings/Startup_Code/startup.o
 .debug_macro   0x0000c4de       0x58 ./Project_Settings/Startup_Code/startup.o
 .debug_macro   0x0000c536       0x35 ./Project_Settings/Startup_Code/startup.o
 .debug_macro   0x0000c56b       0xa3 ./Project_Settings/Startup_Code/startup.o
 .debug_macro   0x0000c60e       0x4a ./Project_Settings/Startup_Code/startup.o
 .debug_macro   0x0000c658       0x52 ./Project_Settings/Startup_Code/startup.o
 .debug_macro   0x0000c6aa       0x16 ./Project_Settings/Startup_Code/startup.o
 .debug_macro   0x0000c6c0       0x43 ./Project_Settings/Startup_Code/startup.o
 .debug_macro   0x0000c703      0x180 ./Project_Settings/Startup_Code/startup.o
 .debug_macro   0x0000c883      0x2a6 ./Project_Settings/Startup_Code/startup.o
 .debug_macro   0x0000cb29       0x10 ./Project_Settings/Startup_Code/startup.o
 .debug_macro   0x0000cb39       0x35 ./Project_Settings/Startup_Code/startup.o
 .debug_macro   0x0000cb6e       0x16 ./Project_Settings/Startup_Code/startup.o
 .debug_macro   0x0000cb84       0x22 ./Project_Settings/Startup_Code/startup.o
 .debug_macro   0x0000cba6       0x10 ./Project_Settings/Startup_Code/startup.o
 .debug_macro   0x0000cbb6      0x20f ./Project_Settings/Startup_Code/startup.o
 .debug_macro   0x0000cdc5     0x9b93 ./Project_Settings/Startup_Code/startup.o
 .debug_macro   0x00016958       0xa7 ./Generated_Code/CI2C1.o
 .debug_macro   0x000169ff       0xa0 ./Generated_Code/CI2C1.o
 .debug_macro   0x00016a9f       0x58 ./Generated_Code/CI2C1.o
 .debug_macro   0x00016af7      0x129 ./Generated_Code/Cpu.o
 .debug_macro   0x00016c20      0x274 ./Generated_Code/HIDM1.o
 .debug_macro   0x00016e94       0x64 ./Generated_Code/HIDM1.o
 .debug_macro   0x00016ef8       0x10 ./Generated_Code/HIDM1.o
 .debug_macro   0x00016f08       0x10 ./Generated_Code/HIDM1.o
 .debug_macro   0x00016f18       0x16 ./Generated_Code/HIDM1.o
 .debug_macro   0x00016f2e       0x10 ./Generated_Code/HIDM1.o
 .debug_macro   0x00016f3e       0x10 ./Generated_Code/HIDM1.o
 .debug_macro   0x00016f4e       0x22 ./Generated_Code/HIDM1.o
 .debug_macro   0x00016f70       0xbd ./Generated_Code/HIDM1.o
 .debug_macro   0x0001702d       0x16 ./Generated_Code/HIDM1.o
 .debug_macro   0x00017043      0x14a ./Generated_Code/HIDM1.o
 .debug_macro   0x0001718d       0x10 ./Generated_Code/HIDM1.o
 .debug_macro   0x0001719d       0x3a ./Generated_Code/HIDM1.o
 .debug_macro   0x000171d7      0x38c ./Generated_Code/HIDM1.o
 .debug_macro   0x00017563       0x8e ./Generated_Code/HIDM1.o
 .debug_macro   0x000175f1       0xca ./Generated_Code/HIDM1.o
 .debug_macro   0x000176bb       0x59 ./Generated_Code/HIDM1.o
 .debug_macro   0x00017714       0xf0 ./Generated_Code/IntI2cLdd1.o
 .debug_macro   0x00017804       0x94 ./Generated_Code/IntI2cLdd1.o
 .debug_macro   0x00017898      0x4e4 ./Generated_Code/IntI2cLdd1.o
 .debug_macro   0x00017d7c      0x29c ./Generated_Code/IntI2cLdd1.o
 .debug_macro   0x00018018       0xfa ./Generated_Code/PE_LDD.o
 .debug_macro   0x00018112       0xaf ./Generated_Code/Tx2.o
 .debug_macro   0x000181c1       0x97 ./Generated_Code/USB0.o
 .debug_macro   0x00018258       0xf1 ./Generated_Code/USB1.o
 .debug_macro   0x00018349      0x122 ./Generated_Code/Vectors.o
 .debug_macro   0x0001846b       0x12 ./Generated_Code/Vectors.o
 .debug_macro   0x0001847d      0x10a ./Generated_Code/usb_class.o
 .debug_macro   0x00018587       0x6a ./Generated_Code/usb_class.o
 .debug_macro   0x000185f1     0x164b ./Generated_Code/usb_class.o
 .debug_macro   0x00019c3c       0xd0 ./Generated_Code/usb_class.o
 .debug_macro   0x00019d0c       0xa0 ./Generated_Code/usb_class.o
 .debug_macro   0x00019dac      0x1bd ./Generated_Code/usb_dci_kinetis.o
 .debug_macro   0x00019f69       0x69 ./Generated_Code/usb_dci_kinetis.o
 .debug_macro   0x00019fd2      0x164 ./Generated_Code/usb_dci_kinetis.o
 .debug_macro   0x0001a136       0x3a ./Generated_Code/usb_dci_kinetis.o
 .debug_macro   0x0001a170       0x94 ./Generated_Code/usb_dci_kinetis.o
 .debug_macro   0x0001a204      0x10a ./Generated_Code/usb_descriptor.o
 .debug_macro   0x0001a30e       0xf5 ./Generated_Code/usb_driver.o
 .debug_macro   0x0001a403       0x6f ./Generated_Code/usb_driver.o
 .debug_macro   0x0001a472      0x24e ./Generated_Code/usb_driver.o
 .debug_macro   0x0001a6c0      0x1ad ./Generated_Code/usb_framework.o
 .debug_macro   0x0001a86d      0x110 ./Generated_Code/usb_hid.o
 .debug_macro   0x0001a97d       0xb0 ./Generated_Code/wdt_kinetis.o

.debug_line     0x00000000     0x4588
 .debug_line    0x00000000      0x2ab ./Sources/Events.o
 .debug_line    0x000002ab      0x2da ./Sources/main.o
 .debug_line    0x00000585      0x3e4 ./Project_Settings/Startup_Code/startup.o
 .debug_line    0x00000969      0x2d0 ./Generated_Code/CI2C1.o
 .debug_line    0x00000c39      0x40a ./Generated_Code/Cpu.o
 .debug_line    0x00001043      0x4e7 ./Generated_Code/HIDM1.o
 .debug_line    0x0000152a      0x42c ./Generated_Code/IntI2cLdd1.o
 .debug_line    0x00001956      0x2a2 ./Generated_Code/PE_LDD.o
 .debug_line    0x00001bf8      0x2aa ./Generated_Code/Tx2.o
 .debug_line    0x00001ea2      0x23f ./Generated_Code/USB0.o
 .debug_line    0x000020e1      0x2a2 ./Generated_Code/USB1.o
 .debug_line    0x00002383      0x360 ./Generated_Code/Vectors.o
 .debug_line    0x000026e3      0x3b9 ./Generated_Code/usb_class.o
 .debug_line    0x00002a9c      0x74e ./Generated_Code/usb_dci_kinetis.o
 .debug_line    0x000031ea      0x36a ./Generated_Code/usb_descriptor.o
 .debug_line    0x00003554      0x413 ./Generated_Code/usb_driver.o
 .debug_line    0x00003967      0x577 ./Generated_Code/usb_framework.o
 .debug_line    0x00003ede      0x460 ./Generated_Code/usb_hid.o
 .debug_line    0x0000433e      0x24a ./Generated_Code/wdt_kinetis.o

.debug_str      0x00000000    0x4d7de
 .debug_str     0x00000000    0x3f4a3 ./Sources/Events.o
                              0x3f65c (size before relaxing)
 .debug_str     0x0003f4a3       0x28 ./Sources/main.o
                              0x3f672 (size before relaxing)
 .debug_str     0x0003f4cb     0x236b ./Project_Settings/Startup_Code/startup.o
                              0x3a1db (size before relaxing)
 .debug_str     0x00041836      0x1aa ./Generated_Code/CI2C1.o
                              0x3f144 (size before relaxing)
 .debug_str     0x000419e0      0x3a9 ./Generated_Code/Cpu.o
                              0x3fa19 (size before relaxing)
 .debug_str     0x00041d89     0x24a1 ./Generated_Code/HIDM1.o
                              0x43aa6 (size before relaxing)
 .debug_str     0x0004422a     0x6e18 ./Generated_Code/IntI2cLdd1.o
                              0x45fb8 (size before relaxing)
 .debug_str     0x0004b042      0x17e ./Generated_Code/PE_LDD.o
                              0x3f811 (size before relaxing)
 .debug_str     0x0004b1c0      0x12c ./Generated_Code/Tx2.o
                              0x3f0ba (size before relaxing)
 .debug_str     0x0004b2ec      0x1e7 ./Generated_Code/USB0.o
                              0x3f026 (size before relaxing)
 .debug_str     0x0004b4d3       0x50 ./Generated_Code/USB1.o
                              0x3f6fa (size before relaxing)
 .debug_str     0x0004b523       0x1c ./Generated_Code/Vectors.o
                              0x3f6a4 (size before relaxing)
 .debug_str     0x0004b53f      0x511 ./Generated_Code/usb_class.o
                              0x40daf (size before relaxing)
 .debug_str     0x0004ba50      0xc37 ./Generated_Code/usb_dci_kinetis.o
                              0x437b4 (size before relaxing)
 .debug_str     0x0004c687      0x2a1 ./Generated_Code/usb_descriptor.o
                              0x40b5d (size before relaxing)
 .debug_str     0x0004c928      0x9e8 ./Generated_Code/usb_driver.o
                              0x40fb9 (size before relaxing)
 .debug_str     0x0004d310      0x27a ./Generated_Code/usb_framework.o
                              0x430ef (size before relaxing)
 .debug_str     0x0004d58a      0x225 ./Generated_Code/usb_hid.o
                              0x40d8f (size before relaxing)
 .debug_str     0x0004d7af       0x2f ./Generated_Code/wdt_kinetis.o
                              0x3f2cd (size before relaxing)

.comment        0x00000000       0x70
 .comment       0x00000000       0x70 ./Sources/Events.o
                                 0x71 (size before relaxing)
 .comment       0x00000000       0x71 ./Sources/main.o
 .comment       0x00000000       0x71 ./Project_Settings/Startup_Code/startup.o
 .comment       0x00000000       0x71 ./Generated_Code/CI2C1.o
 .comment       0x00000000       0x71 ./Generated_Code/Cpu.o
 .comment       0x00000000       0x71 ./Generated_Code/HIDM1.o
 .comment       0x00000000       0x71 ./Generated_Code/IntI2cLdd1.o
 .comment       0x00000000       0x71 ./Generated_Code/PE_LDD.o
 .comment       0x00000000       0x71 ./Generated_Code/Tx2.o
 .comment       0x00000000       0x71 ./Generated_Code/USB0.o
 .comment       0x00000000       0x71 ./Generated_Code/USB1.o
 .comment       0x00000000       0x71 ./Generated_Code/Vectors.o
 .comment       0x00000000       0x71 ./Generated_Code/usb_class.o
 .comment       0x00000000       0x71 ./Generated_Code/usb_dci_kinetis.o
 .comment       0x00000000       0x71 ./Generated_Code/usb_descriptor.o
 .comment       0x00000000       0x71 ./Generated_Code/usb_driver.o
 .comment       0x00000000       0x71 ./Generated_Code/usb_framework.o
 .comment       0x00000000       0x71 ./Generated_Code/usb_hid.o
 .comment       0x00000000       0x71 ./Generated_Code/wdt_kinetis.o

.debug_frame    0x00000000     0x10b8
 .debug_frame   0x00000000       0x28 ./Sources/Events.o
 .debug_frame   0x00000028       0x30 ./Sources/main.o
 .debug_frame   0x00000058       0xc0 ./Project_Settings/Startup_Code/startup.o
 .debug_frame   0x00000118       0xac ./Generated_Code/CI2C1.o
 .debug_frame   0x000001c4       0xa4 ./Generated_Code/Cpu.o
 .debug_frame   0x00000268      0x120 ./Generated_Code/HIDM1.o
 .debug_frame   0x00000388      0x148 ./Generated_Code/IntI2cLdd1.o
 .debug_frame   0x000004d0       0x64 ./Generated_Code/PE_LDD.o
 .debug_frame   0x00000534       0xcc ./Generated_Code/Tx2.o
 .debug_frame   0x00000600       0x28 ./Generated_Code/USB0.o
 .debug_frame   0x00000628       0x80 ./Generated_Code/USB1.o
 .debug_frame   0x000006a8      0x168 ./Generated_Code/usb_class.o
 .debug_frame   0x00000810      0x2bc ./Generated_Code/usb_dci_kinetis.o
 .debug_frame   0x00000acc       0xd4 ./Generated_Code/usb_descriptor.o
 .debug_frame   0x00000ba0      0x158 ./Generated_Code/usb_driver.o
 .debug_frame   0x00000cf8      0x1ec ./Generated_Code/usb_framework.o
 .debug_frame   0x00000ee4       0xf0 ./Generated_Code/usb_hid.o
 .debug_frame   0x00000fd4       0x28 ./Generated_Code/wdt_kinetis.o
 .debug_frame   0x00000ffc       0x28 c:/freescale/kds_3.0.0/toolchain/bin/../lib/gcc/arm-none-eabi/4.8.4/../../../../arm-none-eabi/lib/armv7e-m\libg_s.a(lib_a-exit.o)
 .debug_frame   0x00001024       0x2c c:/freescale/kds_3.0.0/toolchain/bin/../lib/gcc/arm-none-eabi/4.8.4/../../../../arm-none-eabi/lib/armv7e-m\libg_s.a(lib_a-init.o)
 .debug_frame   0x00001050       0x28 c:/freescale/kds_3.0.0/toolchain/bin/../lib/gcc/arm-none-eabi/4.8.4/../../../../arm-none-eabi/lib/armv7e-m\libg_s.a(lib_a-memcpy-stub.o)
 .debug_frame   0x00001078       0x20 c:/freescale/kds_3.0.0/toolchain/bin/../lib/gcc/arm-none-eabi/4.8.4/../../../../arm-none-eabi/lib/armv7e-m\libg_s.a(lib_a-memset.o)
 .debug_frame   0x00001098       0x20 c:/freescale/kds_3.0.0/toolchain/bin/../lib/gcc/arm-none-eabi/4.8.4/../../../../arm-none-eabi/lib/armv7e-m\libnosys.a(_exit.o)
