Archive member included because of file (symbol)

c:/freescale/kds_3.0.0/toolchain/bin/../lib/gcc/arm-none-eabi/4.8.4/armv7e-m\libgcc.a(_arm_addsubsf3.o)
                              ./Generated_Code/RealTimeLdd1.o (__aeabi_ui2f)
c:/freescale/kds_3.0.0/toolchain/bin/../lib/gcc/arm-none-eabi/4.8.4/armv7e-m\libgcc.a(_arm_muldivsf3.o)
                              ./Generated_Code/RealTimeLdd1.o (__aeabi_fmul)
c:/freescale/kds_3.0.0/toolchain/bin/../lib/gcc/arm-none-eabi/4.8.4/armv7e-m\libgcc.a(_arm_cmpsf2.o)
                              ./Generated_Code/RealTimeLdd1.o (__aeabi_fcmpgt)
c:/freescale/kds_3.0.0/toolchain/bin/../lib/gcc/arm-none-eabi/4.8.4/armv7e-m\libgcc.a(_arm_fixunssfsi.o)
                              ./Generated_Code/RealTimeLdd1.o (__aeabi_f2uiz)
c:/freescale/kds_3.0.0/toolchain/bin/../lib/gcc/arm-none-eabi/4.8.4/../../../../arm-none-eabi/lib/armv7e-m\libg_s.a(lib_a-exit.o)
                              c:/freescale/kds_3.0.0/toolchain/bin/../lib/gcc/arm-none-eabi/4.8.4/../../../../arm-none-eabi/lib/armv7e-m/crt0.o (exit)
c:/freescale/kds_3.0.0/toolchain/bin/../lib/gcc/arm-none-eabi/4.8.4/../../../../arm-none-eabi/lib/armv7e-m\libg_s.a(lib_a-impure.o)
                              c:/freescale/kds_3.0.0/toolchain/bin/../lib/gcc/arm-none-eabi/4.8.4/../../../../arm-none-eabi/lib/armv7e-m\libg_s.a(lib_a-exit.o) (_global_impure_ptr)
c:/freescale/kds_3.0.0/toolchain/bin/../lib/gcc/arm-none-eabi/4.8.4/../../../../arm-none-eabi/lib/armv7e-m\libg_s.a(lib_a-init.o)
                              c:/freescale/kds_3.0.0/toolchain/bin/../lib/gcc/arm-none-eabi/4.8.4/../../../../arm-none-eabi/lib/armv7e-m/crt0.o (__libc_init_array)
c:/freescale/kds_3.0.0/toolchain/bin/../lib/gcc/arm-none-eabi/4.8.4/../../../../arm-none-eabi/lib/armv7e-m\libg_s.a(lib_a-memset.o)
                              c:/freescale/kds_3.0.0/toolchain/bin/../lib/gcc/arm-none-eabi/4.8.4/../../../../arm-none-eabi/lib/armv7e-m/crt0.o (memset)
c:/freescale/kds_3.0.0/toolchain/bin/../lib/gcc/arm-none-eabi/4.8.4/../../../../arm-none-eabi/lib/armv7e-m\libg_s.a(lib_a-sprintf.o)
                              ./Sources/main.o (sprintf)
c:/freescale/kds_3.0.0/toolchain/bin/../lib/gcc/arm-none-eabi/4.8.4/../../../../arm-none-eabi/lib/armv7e-m\libg_s.a(lib_a-svfprintf.o)
                              c:/freescale/kds_3.0.0/toolchain/bin/../lib/gcc/arm-none-eabi/4.8.4/../../../../arm-none-eabi/lib/armv7e-m\libg_s.a(lib_a-sprintf.o) (_svfprintf_r)
c:/freescale/kds_3.0.0/toolchain/bin/../lib/gcc/arm-none-eabi/4.8.4/../../../../arm-none-eabi/lib/armv7e-m\libg_s.a(lib_a-vfprintf_i.o)
                              c:/freescale/kds_3.0.0/toolchain/bin/../lib/gcc/arm-none-eabi/4.8.4/../../../../arm-none-eabi/lib/armv7e-m\libg_s.a(lib_a-svfprintf.o) (_printf_i)
c:/freescale/kds_3.0.0/toolchain/bin/../lib/gcc/arm-none-eabi/4.8.4/../../../../arm-none-eabi/lib/armv7e-m\libg_s.a(lib_a-memchr-stub.o)
                              c:/freescale/kds_3.0.0/toolchain/bin/../lib/gcc/arm-none-eabi/4.8.4/../../../../arm-none-eabi/lib/armv7e-m\libg_s.a(lib_a-svfprintf.o) (memchr)
c:/freescale/kds_3.0.0/toolchain/bin/../lib/gcc/arm-none-eabi/4.8.4/../../../../arm-none-eabi/lib/armv7e-m\libg_s.a(lib_a-memcpy-stub.o)
                              c:/freescale/kds_3.0.0/toolchain/bin/../lib/gcc/arm-none-eabi/4.8.4/../../../../arm-none-eabi/lib/armv7e-m\libg_s.a(lib_a-svfprintf.o) (memcpy)
c:/freescale/kds_3.0.0/toolchain/bin/../lib/gcc/arm-none-eabi/4.8.4/../../../../arm-none-eabi/lib/armv7e-m\libg_s.a(lib_a-memmove.o)
                              c:/freescale/kds_3.0.0/toolchain/bin/../lib/gcc/arm-none-eabi/4.8.4/../../../../arm-none-eabi/lib/armv7e-m\libg_s.a(lib_a-svfprintf.o) (memmove)
c:/freescale/kds_3.0.0/toolchain/bin/../lib/gcc/arm-none-eabi/4.8.4/../../../../arm-none-eabi/lib/armv7e-m\libg_s.a(lib_a-nano-freer.o)
                              c:/freescale/kds_3.0.0/toolchain/bin/../lib/gcc/arm-none-eabi/4.8.4/../../../../arm-none-eabi/lib/armv7e-m\libg_s.a(lib_a-svfprintf.o) (_free_r)
c:/freescale/kds_3.0.0/toolchain/bin/../lib/gcc/arm-none-eabi/4.8.4/../../../../arm-none-eabi/lib/armv7e-m\libg_s.a(lib_a-nano-mallocr.o)
                              c:/freescale/kds_3.0.0/toolchain/bin/../lib/gcc/arm-none-eabi/4.8.4/../../../../arm-none-eabi/lib/armv7e-m\libg_s.a(lib_a-svfprintf.o) (_malloc_r)
c:/freescale/kds_3.0.0/toolchain/bin/../lib/gcc/arm-none-eabi/4.8.4/../../../../arm-none-eabi/lib/armv7e-m\libg_s.a(lib_a-nano-reallocr.o)
                              c:/freescale/kds_3.0.0/toolchain/bin/../lib/gcc/arm-none-eabi/4.8.4/../../../../arm-none-eabi/lib/armv7e-m\libg_s.a(lib_a-svfprintf.o) (_realloc_r)
c:/freescale/kds_3.0.0/toolchain/bin/../lib/gcc/arm-none-eabi/4.8.4/../../../../arm-none-eabi/lib/armv7e-m\libg_s.a(lib_a-sbrkr.o)
                              c:/freescale/kds_3.0.0/toolchain/bin/../lib/gcc/arm-none-eabi/4.8.4/../../../../arm-none-eabi/lib/armv7e-m\libg_s.a(lib_a-nano-mallocr.o) (_sbrk_r)
[...]
Memory Configuration

Name             Origin             Length             Attributes
m_interrupts     0x00000000         0x000000f8         xr
m_text           0x00000410         0x0001fbf0         xr
m_data           0x1fffe000         0x00002000         rw
m_data_20000000  0x20000000         0x00002000         rw
m_cfmprotrom     0x00000400         0x00000010         xr
*default*        0x00000000         0xffffffff

Linker script and memory map

LOAD c:/freescale/kds_3.0.0/toolchain/bin/../lib/gcc/arm-none-eabi/4.8.4/armv7e-m/crti.o
LOAD c:/freescale/kds_3.0.0/toolchain/bin/../lib/gcc/arm-none-eabi/4.8.4/armv7e-m/crtbegin.o
LOAD c:/freescale/kds_3.0.0/toolchain/bin/../lib/gcc/arm-none-eabi/4.8.4/../../../../arm-none-eabi/lib/armv7e-m/crt0.o
LOAD ./Sources/Events.o
LOAD ./Sources/main.o
LOAD ./Project_Settings/Startup_Code/startup.o
LOAD ./Generated_Code/ADLightSensor.o
LOAD ./Generated_Code/ASerialLdd1.o
LOAD ./Generated_Code/ASerialLdd2.o
LOAD ./Generated_Code/AdcLdd1.o
LOAD ./Generated_Code/Cpu.o
LOAD ./Generated_Code/FC321.o
LOAD ./Generated_Code/Inhr1.o
LOAD ./Generated_Code/Inhr2.o
LOAD ./Generated_Code/PE_LDD.o
LOAD ./Generated_Code/RealTimeLdd1.o
LOAD ./Generated_Code/TU1.o
LOAD ./Generated_Code/TermUART0.o
LOAD ./Generated_Code/TermUART2.o
LOAD ./Generated_Code/Vectors.o
LOAD c:/freescale/kds_3.0.0/toolchain/bin/../lib/gcc/arm-none-eabi/4.8.4/../../../../arm-none-eabi/lib/armv7e-m\libstdc++_s.a
LOAD c:/freescale/kds_3.0.0/toolchain/bin/../lib/gcc/arm-none-eabi/4.8.4/../../../../arm-none-eabi/lib/armv7e-m\libm.a
START GROUP
LOAD c:/freescale/kds_3.0.0/toolchain/bin/../lib/gcc/arm-none-eabi/4.8.4/armv7e-m\libgcc.a
LOAD c:/freescale/kds_3.0.0/toolchain/bin/../lib/gcc/arm-none-eabi/4.8.4/../../../../arm-none-eabi/lib/armv7e-m\libg_s.a
LOAD c:/freescale/kds_3.0.0/toolchain/bin/../lib/gcc/arm-none-eabi/4.8.4/../../../../arm-none-eabi/lib/armv7e-m\libc_s.a
END GROUP
START GROUP
LOAD c:/freescale/kds_3.0.0/toolchain/bin/../lib/gcc/arm-none-eabi/4.8.4/armv7e-m\libgcc.a
LOAD c:/freescale/kds_3.0.0/toolchain/bin/../lib/gcc/arm-none-eabi/4.8.4/../../../../arm-none-eabi/lib/armv7e-m\libc_s.a
LOAD c:/freescale/kds_3.0.0/toolchain/bin/../lib/gcc/arm-none-eabi/4.8.4/../../../../arm-none-eabi/lib/armv7e-m\libnosys.a
END GROUP
START GROUP
LOAD c:/freescale/kds_3.0.0/toolchain/bin/../lib/gcc/arm-none-eabi/4.8.4/armv7e-m\libgcc.a
LOAD c:/freescale/kds_3.0.0/toolchain/bin/../lib/gcc/arm-none-eabi/4.8.4/../../../../arm-none-eabi/lib/armv7e-m\libc_s.a
LOAD c:/freescale/kds_3.0.0/toolchain/bin/../lib/gcc/arm-none-eabi/4.8.4/../../../../arm-none-eabi/lib/armv7e-m\libnosys.a
END GROUP
LOAD c:/freescale/kds_3.0.0/toolchain/bin/../lib/gcc/arm-none-eabi/4.8.4/armv7e-m/crtend.o
LOAD c:/freescale/kds_3.0.0/toolchain/bin/../lib/gcc/arm-none-eabi/4.8.4/armv7e-m/crtn.o
                0x20000000                _estack = 0x20000000
                0x20000000                __SP_INIT = _estack
                0x20000000                __stack = _estack
                0x00000000                __heap_size = 0x0
                0x00000400                __stack_size = 0x400

.interrupts     0x00000000       0xf8
                0x00000000                __vector_table = .
                0x00000000                . = ALIGN (0x4)
 *(.vectortable)
 .vectortable   0x00000000       0xf8 ./Generated_Code/Vectors.o
                0x00000000                __vect_table
                0x000000f8                . = ALIGN (0x4)

.cfmprotect     0x00000400       0x10
                0x00000400                . = ALIGN (0x4)
 *(.cfmconfig)
 .cfmconfig     0x00000400       0x10 ./Generated_Code/Cpu.o
                0x00000400                _cfm
                0x00000410                . = ALIGN (0x4)

.text           0x00000410     0x2410
                0x00000410                . = ALIGN (0x4)
 *(.text)
 .text          0x00000410       0x54 c:/freescale/kds_3.0.0/toolchain/bin/../lib/gcc/arm-none-eabi/4.8.4/armv7e-m/crtbegin.o
 .text          0x00000464       0x74 c:/freescale/kds_3.0.0/toolchain/bin/../lib/gcc/arm-none-eabi/4.8.4/../../../../arm-none-eabi/lib/armv7e-m/crt0.o
                0x00000464                _start
                0x00000464                _mainCRTStartup
 *(.text*)
 .text.Cpu_OnNMIINT
                0x000004d8        0xc ./Sources/Events.o
                0x000004d8                Cpu_OnNMIINT
 .text.ADLightSensor_OnEnd
                0x000004e4        0xc ./Sources/Events.o
                0x000004e4                ADLightSensor_OnEnd
 .text.ADLightSensor_OnCalibrationEnd
                0x000004f0        0xc ./Sources/Events.o
                0x000004f0                ADLightSensor_OnCalibrationEnd
 .text.Inhr1_OnRxChar
                0x000004fc       0x78 ./Sources/Events.o
                0x000004fc                Inhr1_OnRxChar
 .text.main     0x00000574       0x80 ./Sources/main.o
                0x00000574                main
 .text.__copy_rom_section
                0x000005f4       0xe4 ./Project_Settings/Startup_Code/startup.o
                0x000005f4                __copy_rom_section
 .text.__copy_rom_sections_to_ram
                0x000006d8       0x9c ./Project_Settings/Startup_Code/startup.o
                0x000006d8                __copy_rom_sections_to_ram
 .text.__init_registers
                0x00000774        0xc ./Project_Settings/Startup_Code/startup.o
                0x00000774                __init_registers
 .text.__init_user
                0x00000780        0xc ./Project_Settings/Startup_Code/startup.o
                0x00000780                __init_user
 .text.__thumb_startup
                0x0000078c       0x34 ./Project_Settings/Startup_Code/startup.o
                0x0000078c                __thumb_startup
 .text.ADLightSensor_HWEnDi
                0x000007c0       0x44 ./Generated_Code/ADLightSensor.o
                0x000007c0                ADLightSensor_HWEnDi
 .text.ADLightSensor_Measure
                0x00000804       0x44 ./Generated_Code/ADLightSensor.o
                0x00000804                ADLightSensor_Measure
 .text.ADLightSensor_GetValue16
                0x00000848       0x38 ./Generated_Code/ADLightSensor.o
                0x00000848                ADLightSensor_GetValue16
 .text.ADLightSensor_Calibrate
                0x00000880       0x7c ./Generated_Code/ADLightSensor.o
                0x00000880                ADLightSensor_Calibrate
 .text.AdcLdd1_OnMeasurementComplete
                0x000008fc       0x5c ./Generated_Code/ADLightSensor.o
                0x000008fc                AdcLdd1_OnMeasurementComplete
 .text.ADLightSensor_Init
                0x00000958       0x2c ./Generated_Code/ADLightSensor.o
                0x00000958                ADLightSensor_Init
 .text.ASerialLdd1_Init
                0x00000984      0x1c0 ./Generated_Code/ASerialLdd1.o
                0x00000984                ASerialLdd1_Init
 .text.ASerialLdd1_ReceiveBlock
                0x00000b44       0x90 ./Generated_Code/ASerialLdd1.o
                0x00000b44                ASerialLdd1_ReceiveBlock
 .text.ASerialLdd1_SendBlock
                0x00000bd4       0xbc ./Generated_Code/ASerialLdd1.o
                0x00000bd4                ASerialLdd1_SendBlock
 .text.InterruptRx
                0x00000c90       0x58 ./Generated_Code/ASerialLdd1.o
 .text.InterruptTx
                0x00000ce8       0x80 ./Generated_Code/ASerialLdd1.o
 .text.ASerialLdd1_Interrupt
                0x00000d68       0xf4 ./Generated_Code/ASerialLdd1.o
                0x00000d68                ASerialLdd1_Interrupt
 .text.ASerialLdd1_GetError
                0x00000e5c       0x70 ./Generated_Code/ASerialLdd1.o
                0x00000e5c                ASerialLdd1_GetError
 .text.ASerialLdd2_Init
                0x00000ecc      0x160 ./Generated_Code/ASerialLdd2.o
                0x00000ecc                ASerialLdd2_Init
 .text.ASerialLdd2_ReceiveBlock
                0x0000102c       0x48 ./Generated_Code/ASerialLdd2.o
                0x0000102c                ASerialLdd2_ReceiveBlock
 .text.ASerialLdd2_SendBlock
                0x00001074       0x58 ./Generated_Code/ASerialLdd2.o
                0x00001074                ASerialLdd2_SendBlock
 .text.InterruptRx
                0x000010cc       0x50 ./Generated_Code/ASerialLdd2.o
 .text.InterruptTx
                0x0000111c       0x60 ./Generated_Code/ASerialLdd2.o
 .text.ASerialLdd2_Main
                0x0000117c       0xd8 ./Generated_Code/ASerialLdd2.o
                0x0000117c                ASerialLdd2_Main
 .text.AdcLdd1_Init
                0x00001254       0x9c ./Generated_Code/AdcLdd1.o
                0x00001254                AdcLdd1_Init
 .text.AdcLdd1_StartSingleMeasurement
                0x000012f0       0x4c ./Generated_Code/AdcLdd1.o
                0x000012f0                AdcLdd1_StartSingleMeasurement
 .text.AdcLdd1_CreateSampleGroup
                0x0000133c       0x64 ./Generated_Code/AdcLdd1.o
                0x0000133c                AdcLdd1_CreateSampleGroup
 .text.AdcLdd1_GetMeasuredValues
                0x000013a0       0x4c ./Generated_Code/AdcLdd1.o
                0x000013a0                AdcLdd1_GetMeasuredValues
 .text.AdcLdd1_GetMeasurementCompleteStatus
                0x000013ec       0x78 ./Generated_Code/AdcLdd1.o
                0x000013ec                AdcLdd1_GetMeasurementCompleteStatus
 .text.AdcLdd1_StartCalibration
                0x00001464       0x4c ./Generated_Code/AdcLdd1.o
                0x00001464                AdcLdd1_StartCalibration
 .text.AdcLdd1_GetCalibrationResultStatus
                0x000014b0       0xbc ./Generated_Code/AdcLdd1.o
                0x000014b0                AdcLdd1_GetCalibrationResultStatus
 .text.AdcLdd1_MeasurementCompleteInterrupt
                0x0000156c       0x3c ./Generated_Code/AdcLdd1.o
                0x0000156c                AdcLdd1_MeasurementCompleteInterrupt
 .text.Cpu_INT_NMIInterrupt
                0x000015a8       0x1c ./Generated_Code/Cpu.o
                0x000015a8                Cpu_INT_NMIInterrupt
 .text.Cpu_Interrupt
                0x000015c4       0x18 ./Generated_Code/Cpu.o
                0x000015c4                Cpu_Interrupt
 .text.__init_hardware
                0x000015dc      0x11c ./Generated_Code/Cpu.o
                0x000015dc                __init_hardware
 .text.Cpu_SetBASEPRI
                0x000016f8       0x18 ./Generated_Code/Cpu.o
                0x000016f8                Cpu_SetBASEPRI
 .text.PE_low_level_init
                0x00001710       0xb8 ./Generated_Code/Cpu.o
                0x00001710                PE_low_level_init
 .text.HWEnDi   0x000017c8       0x1c ./Generated_Code/Inhr1.o
 .text.Inhr1_RecvChar
                0x000017e4       0xd8 ./Generated_Code/Inhr1.o
                0x000017e4                Inhr1_RecvChar
 .text.Inhr1_SendChar
                0x000018bc       0xdc ./Generated_Code/Inhr1.o
                0x000018bc                Inhr1_SendChar
 .text.Inhr1_Init
                0x00001998       0x60 ./Generated_Code/Inhr1.o
                0x00001998                Inhr1_Init
 .text.ASerialLdd1_OnBlockReceived
                0x000019f8       0x90 ./Generated_Code/Inhr1.o
                0x000019f8                ASerialLdd1_OnBlockReceived
 .text.ASerialLdd1_OnBlockSent
                0x00001a88       0x88 ./Generated_Code/Inhr1.o
                0x00001a88                ASerialLdd1_OnBlockSent
 .text.ASerialLdd1_OnError
                0x00001b10       0x98 ./Generated_Code/Inhr1.o
                0x00001b10                ASerialLdd1_OnError
 .text.ASerialLdd1_OnBreak
                0x00001ba8       0x24 ./Generated_Code/Inhr1.o
                0x00001ba8                ASerialLdd1_OnBreak
 .text.HWEnDi   0x00001bcc       0x1c ./Generated_Code/Inhr2.o
 .text.Inhr2_SendChar
                0x00001be8       0x5c ./Generated_Code/Inhr2.o
                0x00001be8                Inhr2_SendChar
 .text.Inhr2_Init
                0x00001c44       0x24 ./Generated_Code/Inhr2.o
                0x00001c44                Inhr2_Init
 .text.ASerialLdd2_OnBreak
                0x00001c68       0x24 ./Generated_Code/Inhr2.o
                0x00001c68                ASerialLdd2_OnBreak
 .text.RealTimeLdd1_Init
                0x00001c8c       0x5c ./Generated_Code/RealTimeLdd1.o
                0x00001c8c                RealTimeLdd1_Init
 .text.TU1_OnCounterRestart
                0x00001ce8       0x34 ./Generated_Code/RealTimeLdd1.o
                0x00001ce8                TU1_OnCounterRestart
 .text.TU1_Init
                0x00001d1c       0xf8 ./Generated_Code/TU1.o
                0x00001d1c                TU1_Init
 .text.TU1_Interrupt
                0x00001e14       0x6c ./Generated_Code/TU1.o
                0x00001e14                TU1_Interrupt
 .text.TermUART0_SendChar
                0x00001e80       0x20 ./Generated_Code/TermUART0.o
                0x00001e80                TermUART0_SendChar
 .text.TermUART2_SendStr
                0x00001ea0       0x34 ./Generated_Code/TermUART2.o
                0x00001ea0                TermUART2_SendStr
 .text.exit     0x00001ed4       0x28 c:/freescale/kds_3.0.0/toolchain/bin/../lib/gcc/arm-none-eabi/4.8.4/../../../../arm-none-eabi/lib/armv7e-m\libg_s.a(lib_a-exit.o)
                0x00001ed4                exit
 .text.__libc_init_array
                0x00001efc       0x4c c:/freescale/kds_3.0.0/toolchain/bin/../lib/gcc/arm-none-eabi/4.8.4/../../../../arm-none-eabi/lib/armv7e-m\libg_s.a(lib_a-init.o)
                0x00001efc                __libc_init_array
 .text.memset   0x00001f48       0x10 c:/freescale/kds_3.0.0/toolchain/bin/../lib/gcc/arm-none-eabi/4.8.4/../../../../arm-none-eabi/lib/armv7e-m\libg_s.a(lib_a-memset.o)
                0x00001f48                memset
 .text.sprintf  0x00001f58       0x48 c:/freescale/kds_3.0.0/toolchain/bin/../lib/gcc/arm-none-eabi/4.8.4/../../../../arm-none-eabi/lib/armv7e-m\libg_s.a(lib_a-sprintf.o)
                0x00001f58                siprintf
                0x00001f58                sprintf
 .text.__ssputs_r
                0x00001fa0       0xb8 c:/freescale/kds_3.0.0/toolchain/bin/../lib/gcc/arm-none-eabi/4.8.4/../../../../arm-none-eabi/lib/armv7e-m\libg_s.a(lib_a-svfprintf.o)
                0x00001fa0                __ssputs_r
 .text._svfprintf_r
                0x00002058      0x1dc c:/freescale/kds_3.0.0/toolchain/bin/../lib/gcc/arm-none-eabi/4.8.4/../../../../arm-none-eabi/lib/armv7e-m\libg_s.a(lib_a-svfprintf.o)
                0x00002058                _svfiprintf_r
                0x00002058                _svfprintf_r
 .text._printf_common
                0x00002234       0xe4 c:/freescale/kds_3.0.0/toolchain/bin/../lib/gcc/arm-none-eabi/4.8.4/../../../../arm-none-eabi/lib/armv7e-m\libg_s.a(lib_a-vfprintf_i.o)
                0x00002234                _printf_common
 .text._printf_i
                0x00002318      0x228 c:/freescale/kds_3.0.0/toolchain/bin/../lib/gcc/arm-none-eabi/4.8.4/../../../../arm-none-eabi/lib/armv7e-m\libg_s.a(lib_a-vfprintf_i.o)
                0x00002318                _printf_i
 .text.memchr   0x00002540       0x1e c:/freescale/kds_3.0.0/toolchain/bin/../lib/gcc/arm-none-eabi/4.8.4/../../../../arm-none-eabi/lib/armv7e-m\libg_s.a(lib_a-memchr-stub.o)
                0x00002540                memchr
 .text.memcpy   0x0000255e       0x12 c:/freescale/kds_3.0.0/toolchain/bin/../lib/gcc/arm-none-eabi/4.8.4/../../../../arm-none-eabi/lib/armv7e-m\libg_s.a(lib_a-memcpy-stub.o)
                0x0000255e                memcpy
 .text.memmove  0x00002570       0x36 c:/freescale/kds_3.0.0/toolchain/bin/../lib/gcc/arm-none-eabi/4.8.4/../../../../arm-none-eabi/lib/armv7e-m\libg_s.a(lib_a-memmove.o)
                0x00002570                memmove
 *fill*         0x000025a6        0x2 
 .text._free_r  0x000025a8       0x88 c:/freescale/kds_3.0.0/toolchain/bin/../lib/gcc/arm-none-eabi/4.8.4/../../../../arm-none-eabi/lib/armv7e-m\libg_s.a(lib_a-nano-freer.o)
                0x000025a8                _free_r
 .text._malloc_r
                0x00002630       0xa8 c:/freescale/kds_3.0.0/toolchain/bin/../lib/gcc/arm-none-eabi/4.8.4/../../../../arm-none-eabi/lib/armv7e-m\libg_s.a(lib_a-nano-mallocr.o)
                0x00002630                _malloc_r
 .text._realloc_r
                0x000026d8       0x4c c:/freescale/kds_3.0.0/toolchain/bin/../lib/gcc/arm-none-eabi/4.8.4/../../../../arm-none-eabi/lib/armv7e-m\libg_s.a(lib_a-nano-reallocr.o)
                0x000026d8                _realloc_r
 .text._sbrk_r  0x00002724       0x20 c:/freescale/kds_3.0.0/toolchain/bin/../lib/gcc/arm-none-eabi/4.8.4/../../../../arm-none-eabi/lib/armv7e-m\libg_s.a(lib_a-sbrkr.o)
                0x00002724                _sbrk_r
 .text.strlen   0x00002744       0x10 c:/freescale/kds_3.0.0/toolchain/bin/../lib/gcc/arm-none-eabi/4.8.4/../../../../arm-none-eabi/lib/armv7e-m\libg_s.a(lib_a-strlen.o)
                0x00002744                strlen
 .text._malloc_usable_size_r
                0x00002754       0x12 c:/freescale/kds_3.0.0/toolchain/bin/../lib/gcc/arm-none-eabi/4.8.4/../../../../arm-none-eabi/lib/armv7e-m\libg_s.a(lib_a-nano-msizer.o)
                0x00002754                _malloc_usable_size_r
 *fill*         0x00002766        0x2 
 .text._sbrk    0x00002768       0x34 c:/freescale/kds_3.0.0/toolchain/bin/../lib/gcc/arm-none-eabi/4.8.4/../../../../arm-none-eabi/lib/armv7e-m\libnosys.a(sbrk.o)
                0x00002768                _sbrk
 .text._exit    0x0000279c        0x4 c:/freescale/kds_3.0.0/toolchain/bin/../lib/gcc/arm-none-eabi/4.8.4/../../../../arm-none-eabi/lib/armv7e-m\libnosys.a(_exit.o)
                0x0000279c                _exit
 *(.rodata)
 .rodata        0x000027a0       0x2c ./Sources/main.o
 *(.rodata*)
 .rodata.str1.1
                0x000027cc        0x2 c:/freescale/kds_3.0.0/toolchain/bin/../lib/gcc/arm-none-eabi/4.8.4/../../../../arm-none-eabi/lib/armv7e-m\libg_s.a(lib_a-impure.o)
 *fill*         0x000027ce        0x2 
 .rodata._global_impure_ptr
                0x000027d0        0x4 c:/freescale/kds_3.0.0/toolchain/bin/../lib/gcc/arm-none-eabi/4.8.4/../../../../arm-none-eabi/lib/armv7e-m\libg_s.a(lib_a-impure.o)
                0x000027d0                _global_impure_ptr
 .rodata.str1.1
                0x000027d4       0x11 c:/freescale/kds_3.0.0/toolchain/bin/../lib/gcc/arm-none-eabi/4.8.4/../../../../arm-none-eabi/lib/armv7e-m\libg_s.a(lib_a-svfprintf.o)
 .rodata.str1.1
                0x000027e5       0x22 c:/freescale/kds_3.0.0/toolchain/bin/../lib/gcc/arm-none-eabi/4.8.4/../../../../arm-none-eabi/lib/armv7e-m\libg_s.a(lib_a-vfprintf_i.o)
 *(.glue_7)
 .glue_7        0x00000000        0x0 linker stubs
 *(.glue_7t)
 .glue_7t       0x00000000        0x0 linker stubs
 *(.eh_frame)
 *fill*         0x00002807        0x1 
 .eh_frame      0x00002808        0x0 c:/freescale/kds_3.0.0/toolchain/bin/../lib/gcc/arm-none-eabi/4.8.4/armv7e-m/crtbegin.o
 *(.init)
 .init          0x00002808        0x4 c:/freescale/kds_3.0.0/toolchain/bin/../lib/gcc/arm-none-eabi/4.8.4/armv7e-m/crti.o
                0x00002808                _init
 .init          0x0000280c        0x8 c:/freescale/kds_3.0.0/toolchain/bin/../lib/gcc/arm-none-eabi/4.8.4/armv7e-m/crtn.o
 *(.fini)
 .fini          0x00002814        0x4 c:/freescale/kds_3.0.0/toolchain/bin/../lib/gcc/arm-none-eabi/4.8.4/armv7e-m/crti.o
                0x00002814                _fini
 .fini          0x00002818        0x8 c:/freescale/kds_3.0.0/toolchain/bin/../lib/gcc/arm-none-eabi/4.8.4/armv7e-m/crtn.o
                0x00002820                . = ALIGN (0x4)
                0x00002820                _etext = .

.vfp11_veneer   0x00002820        0x0
 .vfp11_veneer  0x00000000        0x0 linker stubs

.v4_bx          0x00002820        0x0
 .v4_bx         0x00000000        0x0 linker stubs

.iplt           0x00002820        0x0
 .iplt          0x00000000        0x0 c:/freescale/kds_3.0.0/toolchain/bin/../lib/gcc/arm-none-eabi/4.8.4/armv7e-m/crtbegin.o

.ARM.extab
 *(.ARM.extab* .gnu.linkonce.armextab.*)

.ARM            0x00002820        0x8
                0x00002820                __exidx_start = .
 *(.ARM.exidx*)
 .ARM.exidx     0x00002820        0x8 c:/freescale/kds_3.0.0/toolchain/bin/../lib/gcc/arm-none-eabi/4.8.4/../../../../arm-none-eabi/lib/armv7e-m/crt0.o
                0x00002828                __exidx_end = .

.rel.dyn        0x00002828        0x0
 .rel.iplt      0x00000000        0x0 c:/freescale/kds_3.0.0/toolchain/bin/../lib/gcc/arm-none-eabi/4.8.4/armv7e-m/crtbegin.o

.ctors          0x00002828        0x0
                0x00002828                __CTOR_LIST__ = .
 *crtbegin.o(.ctors)
 *(EXCLUDE_FILE(*crtend.o) .ctors)
 *(SORT(.ctors.*))
 *(.ctors)
                0x00002828                __CTOR_END__ = .

.dtors          0x00002828        0x0
                0x00002828                __DTOR_LIST__ = .
 *crtbegin.o(.dtors)
 *(EXCLUDE_FILE(*crtend.o) .dtors)
 *(SORT(.dtors.*))
 *(.dtors)
                0x00002828                __DTOR_END__ = .

.preinit_array  0x00002828        0x0
                0x00002828                PROVIDE (__preinit_array_start, .)
 *(.preinit_array*)
                0x00002828                PROVIDE (__preinit_array_end, .)

.init_array     0x00002828        0x4
                0x00002828                PROVIDE (__init_array_start, .)
 *(SORT(.init_array.*))
 *(.init_array*)
 .init_array    0x00002828        0x4 c:/freescale/kds_3.0.0/toolchain/bin/../lib/gcc/arm-none-eabi/4.8.4/armv7e-m/crtbegin.o
                0x0000282c                PROVIDE (__init_array_end, .)

.fini_array     0x0000282c        0x4
                0x0000282c                PROVIDE (__fini_array_start, .)
 *(SORT(.fini_array.*))
 *(.fini_array*)
 .fini_array    0x0000282c        0x4 c:/freescale/kds_3.0.0/toolchain/bin/../lib/gcc/arm-none-eabi/4.8.4/armv7e-m/crtbegin.o
                0x00002830                PROVIDE (__fini_array_end, .)
                0x00002830                ___ROM_AT = .

.data           0x1fffe000       0x64 load address 0x00002830
                0x1fffe000                . = ALIGN (0x4)
                0x1fffe000                _sdata = .
 *(.data)
 *(.data*)
 .data.impure_data
                0x1fffe000       0x60 c:/freescale/kds_3.0.0/toolchain/bin/../lib/gcc/arm-none-eabi/4.8.4/../../../../arm-none-eabi/lib/armv7e-m\libg_s.a(lib_a-impure.o)
 .data._impure_ptr
                0x1fffe060        0x4 c:/freescale/kds_3.0.0/toolchain/bin/../lib/gcc/arm-none-eabi/4.8.4/../../../../arm-none-eabi/lib/armv7e-m\libg_s.a(lib_a-impure.o)
                0x1fffe060                _impure_ptr
                0x1fffe064                . = ALIGN (0x4)
                0x1fffe064                _edata = .
                0x00000064                ___data_size = (_edata - _sdata)
                0x00002894                ___m_data_20000000_ROMStart = (___ROM_AT + SIZEOF (.data))

.jcr            0x1fffe064        0x0 load address 0x00002894
 .jcr           0x1fffe064        0x0 c:/freescale/kds_3.0.0/toolchain/bin/../lib/gcc/arm-none-eabi/4.8.4/armv7e-m/crtbegin.o

.igot.plt       0x1fffe064        0x0 load address 0x00002894
 .igot.plt      0x00000000        0x0 c:/freescale/kds_3.0.0/toolchain/bin/../lib/gcc/arm-none-eabi/4.8.4/armv7e-m/crtbegin.o

.m_data_20000000
                0x20000000        0x0 load address 0x00002894
                0x20000000                . = ALIGN (0x4)
                0x20000000                ___m_data_20000000_RAMStart = .
 *(.m_data_20000000)
                0x20000000                ___m_data_20000000_RAMEnd = .
                0x20000000                . = ALIGN (0x4)
                0x00000000                ___m_data_20000000_ROMSize = (___m_data_20000000_RAMEnd - ___m_data_20000000_RAMStart)
                0x20000000                . = ALIGN (0x4)

.bss            0x1fffe064      0x178 load address 0x00002894
                0x1fffe064                __START_BSS = .
                0x1fffe064                PROVIDE (__bss_start__, __START_BSS)
 *(.bss)
 .bss           0x1fffe064       0x1c c:/freescale/kds_3.0.0/toolchain/bin/../lib/gcc/arm-none-eabi/4.8.4/armv7e-m/crtbegin.o
 *(.bss*)
 .bss.buffer_index
                0x1fffe080        0x4 ./Sources/main.o
                0x1fffe080                buffer_index
 .bss.complete_command
                0x1fffe084        0x1 ./Sources/main.o
                0x1fffe084                complete_command
 .bss.UART0_flag
                0x1fffe085        0x1 ./Sources/main.o
                0x1fffe085                UART0_flag
 .bss.ModeFlg   0x1fffe086        0x1 ./Generated_Code/ADLightSensor.o
 *fill*         0x1fffe087        0x1 
 .bss.SampleGroup
                0x1fffe088        0x4 ./Generated_Code/ADLightSensor.o
 .bss.OutFlg    0x1fffe08c        0x1 ./Generated_Code/ADLightSensor.o
 *fill*         0x1fffe08d        0x3 
 .bss.DeviceDataPrv__DEFAULT_RTOS_ALLOC
                0x1fffe090       0x20 ./Generated_Code/ASerialLdd1.o
 .bss.INT_UART0_RX_TX__DEFAULT_RTOS_ISRPARAM
                0x1fffe0b0        0x4 ./Generated_Code/ASerialLdd1.o
 .bss.INT_UART0_ERR__DEFAULT_RTOS_ISRPARAM
                0x1fffe0b4        0x4 ./Generated_Code/ASerialLdd1.o
 .bss.DeviceDataPrv__DEFAULT_RTOS_ALLOC
                0x1fffe0b8       0x20 ./Generated_Code/ASerialLdd2.o
 .bss.DeviceDataPrv__DEFAULT_RTOS_ALLOC
                0x1fffe0d8        0x8 ./Generated_Code/AdcLdd1.o
 .bss.INT_ADC0__DEFAULT_RTOS_ISRPARAM
                0x1fffe0e0        0x4 ./Generated_Code/AdcLdd1.o
 .bss.SR_lock   0x1fffe0e4        0x1 ./Generated_Code/Cpu.o
                0x1fffe0e4                SR_lock
 *fill*         0x1fffe0e5        0x1 
 .bss.SerFlag   0x1fffe0e6        0x2 ./Generated_Code/Inhr1.o
 .bss.Inhr1_InpLen
                0x1fffe0e8        0x2 ./Generated_Code/Inhr1.o
 .bss.InpIndexR
                0x1fffe0ea        0x2 ./Generated_Code/Inhr1.o
 .bss.InpIndexW
                0x1fffe0ec        0x2 ./Generated_Code/Inhr1.o
 *fill*         0x1fffe0ee        0x2 
 .bss.InpBuffer
                0x1fffe0f0       0x10 ./Generated_Code/Inhr1.o
 .bss.BufferRead
                0x1fffe100        0x1 ./Generated_Code/Inhr1.o
 *fill*         0x1fffe101        0x1 
 .bss.Inhr1_OutLen
                0x1fffe102        0x2 ./Generated_Code/Inhr1.o
 .bss.OutIndexR
                0x1fffe104        0x2 ./Generated_Code/Inhr1.o
 .bss.OutIndexW
                0x1fffe106        0x2 ./Generated_Code/Inhr1.o
 .bss.OutBuffer
                0x1fffe108       0x10 ./Generated_Code/Inhr1.o
 .bss.SerFlag   0x1fffe118        0x2 ./Generated_Code/Inhr2.o
 .bss.BufferRead
                0x1fffe11a        0x1 ./Generated_Code/Inhr2.o
 .bss.OutBuffer
                0x1fffe11b        0x1 ./Generated_Code/Inhr2.o
 .bss.PE_LDD_DeviceDataList
                0x1fffe11c       0x14 ./Generated_Code/PE_LDD.o
                0x1fffe11c                PE_LDD_DeviceDataList
 .bss.DeviceDataPrv__DEFAULT_RTOS_ALLOC
                0x1fffe130       0x14 ./Generated_Code/RealTimeLdd1.o
 .bss.DeviceDataPrv__DEFAULT_RTOS_ALLOC
                0x1fffe144        0xc ./Generated_Code/TU1.o
 .bss.INT_FTM0__DEFAULT_RTOS_ISRPARAM
                0x1fffe150        0x4 ./Generated_Code/TU1.o
 .bss.__malloc_sbrk_start
                0x1fffe154        0x4 c:/freescale/kds_3.0.0/toolchain/bin/../lib/gcc/arm-none-eabi/4.8.4/../../../../arm-none-eabi/lib/armv7e-m\libg_s.a(lib_a-nano-mallocr.o)
                0x1fffe154                __malloc_sbrk_start
 .bss.__malloc_free_list
                0x1fffe158        0x4 c:/freescale/kds_3.0.0/toolchain/bin/../lib/gcc/arm-none-eabi/4.8.4/../../../../arm-none-eabi/lib/armv7e-m\libg_s.a(lib_a-nano-mallocr.o)
                0x1fffe158                __malloc_free_list
 .bss.heap_end.4246
                0x1fffe15c        0x4 c:/freescale/kds_3.0.0/toolchain/bin/../lib/gcc/arm-none-eabi/4.8.4/../../../../arm-none-eabi/lib/armv7e-m\libnosys.a(sbrk.o)
 *(COMMON)
 COMMON         0x1fffe160       0x64 ./Sources/main.o
                0x1fffe160                buffer
 COMMON         0x1fffe1c4        0x8 ./Generated_Code/ADLightSensor.o
                0x1fffe1c4                ADLightSensor_OutV
                0x1fffe1c8                AdcLdd1_DeviceDataPtr
 COMMON         0x1fffe1cc        0x1 ./Generated_Code/Cpu.o
                0x1fffe1cc                SR_reg
 *fill*         0x1fffe1cd        0x3 
 COMMON         0x1fffe1d0        0x4 ./Generated_Code/Inhr1.o
                0x1fffe1d0                ASerialLdd1_DeviceDataPtr
 COMMON         0x1fffe1d4        0x4 ./Generated_Code/Inhr2.o
                0x1fffe1d4                ASerialLdd2_DeviceDataPtr
 COMMON         0x1fffe1d8        0x4 c:/freescale/kds_3.0.0/toolchain/bin/../lib/gcc/arm-none-eabi/4.8.4/../../../../arm-none-eabi/lib/armv7e-m\libg_s.a(lib_a-reent.o)
                0x1fffe1d8                errno
                0x1fffe1dc                . = ALIGN (0x4)
                0x1fffe1dc                __END_BSS = .
                0x1fffe1dc                PROVIDE (__bss_end__, __END_BSS)
                0x00002894                _romp_at = ((___ROM_AT + SIZEOF (.data)) + SIZEOF (.m_data_20000000))

.romp           0x1fffe1dc       0x24 load address 0x00002894
                0x00002894                __S_romp = _romp_at
                0x1fffe1dc        0x4 LONG 0x2830 ___ROM_AT
                0x1fffe1e0        0x4 LONG 0x1fffe000 _sdata
                0x1fffe1e4        0x4 LONG 0x64 ___data_size
                0x1fffe1e8        0x4 LONG 0x2894 ___m_data_20000000_ROMStart
                0x1fffe1ec        0x4 LONG 0x20000000 ___m_data_20000000_RAMStart
                0x1fffe1f0        0x4 LONG 0x0 ___m_data_20000000_ROMSize
                0x1fffe1f4        0x4 LONG 0x0
                0x1fffe1f8        0x4 LONG 0x0
                0x1fffe1fc        0x4 LONG 0x0

._user_heap_stack
                0x1fffe200      0x400 load address 0x000028b8
                0x1fffe200                . = ALIGN (0x4)
                0x1fffe200                PROVIDE (end, .)
                0x1fffe200                PROVIDE (_end, .)
                0x1fffe200                __heap_addr = .
                0x1fffe200                __HeapBase = .
                0x1fffe200                . = (. + __heap_size)
                0x1fffe200                __HeapLimit = .
                0x1fffe600                . = (. + __stack_size)
 *fill*         0x1fffe200      0x400 
                0x1fffe600                . = ALIGN (0x4)

.ARM.attributes
                0x00000000       0x2a
 *(.ARM.attributes)
 .ARM.attributes
                0x00000000       0x1e c:/freescale/kds_3.0.0/toolchain/bin/../lib/gcc/arm-none-eabi/4.8.4/armv7e-m/crti.o
 .ARM.attributes
                0x0000001e       0x2e c:/freescale/kds_3.0.0/toolchain/bin/../lib/gcc/arm-none-eabi/4.8.4/armv7e-m/crtbegin.o
 .ARM.attributes
                0x0000004c       0x1c c:/freescale/kds_3.0.0/toolchain/bin/../lib/gcc/arm-none-eabi/4.8.4/../../../../arm-none-eabi/lib/armv7e-m/crt0.o
 .ARM.attributes
                0x00000068       0x33 ./Sources/Events.o
 .ARM.attributes
                0x0000009b       0x33 ./Sources/main.o
 .ARM.attributes
                0x000000ce       0x33 ./Project_Settings/Startup_Code/startup.o
 .ARM.attributes
                0x00000101       0x33 ./Generated_Code/ADLightSensor.o
 .ARM.attributes
                0x00000134       0x33 ./Generated_Code/ASerialLdd1.o
 .ARM.attributes
                0x00000167       0x33 ./Generated_Code/ASerialLdd2.o
 .ARM.attributes
                0x0000019a       0x33 ./Generated_Code/AdcLdd1.o
 .ARM.attributes
                0x000001cd       0x33 ./Generated_Code/Cpu.o
 .ARM.attributes
                0x00000200       0x33 ./Generated_Code/Inhr1.o
 .ARM.attributes
                0x00000233       0x33 ./Generated_Code/Inhr2.o
 .ARM.attributes
                0x00000266       0x33 ./Generated_Code/PE_LDD.o
 .ARM.attributes
                0x00000299       0x33 ./Generated_Code/RealTimeLdd1.o
 .ARM.attributes
                0x000002cc       0x33 ./Generated_Code/TU1.o
 .ARM.attributes
                0x000002ff       0x33 ./Generated_Code/TermUART0.o
 .ARM.attributes
                0x00000332       0x33 ./Generated_Code/TermUART2.o
 .ARM.attributes
                0x00000365       0x33 ./Generated_Code/Vectors.o
 .ARM.attributes
                0x00000398       0x2e c:/freescale/kds_3.0.0/toolchain/bin/../lib/gcc/arm-none-eabi/4.8.4/../../../../arm-none-eabi/lib/armv7e-m\libg_s.a(lib_a-exit.o)
 .ARM.attributes
                0x000003c6       0x2e c:/freescale/kds_3.0.0/toolchain/bin/../lib/gcc/arm-none-eabi/4.8.4/../../../../arm-none-eabi/lib/armv7e-m\libg_s.a(lib_a-impure.o)
 .ARM.attributes
                0x000003f4       0x2e c:/freescale/kds_3.0.0/toolchain/bin/../lib/gcc/arm-none-eabi/4.8.4/../../../../arm-none-eabi/lib/armv7e-m\libg_s.a(lib_a-init.o)
 .ARM.attributes
                0x00000422       0x2e c:/freescale/kds_3.0.0/toolchain/bin/../lib/gcc/arm-none-eabi/4.8.4/../../../../arm-none-eabi/lib/armv7e-m\libg_s.a(lib_a-memset.o)
 .ARM.attributes
                0x00000450       0x2e c:/freescale/kds_3.0.0/toolchain/bin/../lib/gcc/arm-none-eabi/4.8.4/../../../../arm-none-eabi/lib/armv7e-m\libg_s.a(lib_a-sprintf.o)
 .ARM.attributes
                0x0000047e       0x2e c:/freescale/kds_3.0.0/toolchain/bin/../lib/gcc/arm-none-eabi/4.8.4/../../../../arm-none-eabi/lib/armv7e-m\libg_s.a(lib_a-svfprintf.o)
 .ARM.attributes
                0x000004ac       0x2e c:/freescale/kds_3.0.0/toolchain/bin/../lib/gcc/arm-none-eabi/4.8.4/../../../../arm-none-eabi/lib/armv7e-m\libg_s.a(lib_a-vfprintf_i.o)
 .ARM.attributes
                0x000004da       0x2e c:/freescale/kds_3.0.0/toolchain/bin/../lib/gcc/arm-none-eabi/4.8.4/../../../../arm-none-eabi/lib/armv7e-m\libg_s.a(lib_a-memchr-stub.o)
 .ARM.attributes
                0x00000508       0x2e c:/freescale/kds_3.0.0/toolchain/bin/../lib/gcc/arm-none-eabi/4.8.4/../../../../arm-none-eabi/lib/armv7e-m\libg_s.a(lib_a-memcpy-stub.o)
 .ARM.attributes
                0x00000536       0x2e c:/freescale/kds_3.0.0/toolchain/bin/../lib/gcc/arm-none-eabi/4.8.4/../../../../arm-none-eabi/lib/armv7e-m\libg_s.a(lib_a-memmove.o)
 .ARM.attributes
                0x00000564       0x2e c:/freescale/kds_3.0.0/toolchain/bin/../lib/gcc/arm-none-eabi/4.8.4/../../../../arm-none-eabi/lib/armv7e-m\libg_s.a(lib_a-nano-freer.o)
 .ARM.attributes
                0x00000592       0x2e c:/freescale/kds_3.0.0/toolchain/bin/../lib/gcc/arm-none-eabi/4.8.4/../../../../arm-none-eabi/lib/armv7e-m\libg_s.a(lib_a-nano-mallocr.o)
 .ARM.attributes
                0x000005c0       0x2e c:/freescale/kds_3.0.0/toolchain/bin/../lib/gcc/arm-none-eabi/4.8.4/../../../../arm-none-eabi/lib/armv7e-m\libg_s.a(lib_a-nano-reallocr.o)
 .ARM.attributes
                0x000005ee       0x2e c:/freescale/kds_3.0.0/toolchain/bin/../lib/gcc/arm-none-eabi/4.8.4/../../../../arm-none-eabi/lib/armv7e-m\libg_s.a(lib_a-sbrkr.o)
 .ARM.attributes
                0x0000061c       0x2e c:/freescale/kds_3.0.0/toolchain/bin/../lib/gcc/arm-none-eabi/4.8.4/../../../../arm-none-eabi/lib/armv7e-m\libg_s.a(lib_a-strlen.o)
 .ARM.attributes
                0x0000064a       0x2e c:/freescale/kds_3.0.0/toolchain/bin/../lib/gcc/arm-none-eabi/4.8.4/../../../../arm-none-eabi/lib/armv7e-m\libg_s.a(lib_a-nano-msizer.o)
 .ARM.attributes
                0x00000678       0x2e c:/freescale/kds_3.0.0/toolchain/bin/../lib/gcc/arm-none-eabi/4.8.4/../../../../arm-none-eabi/lib/armv7e-m\libg_s.a(lib_a-reent.o)
 .ARM.attributes
                0x000006a6       0x2e c:/freescale/kds_3.0.0/toolchain/bin/../lib/gcc/arm-none-eabi/4.8.4/../../../../arm-none-eabi/lib/armv7e-m\libnosys.a(sbrk.o)
 .ARM.attributes
                0x000006d4       0x2e c:/freescale/kds_3.0.0/toolchain/bin/../lib/gcc/arm-none-eabi/4.8.4/../../../../arm-none-eabi/lib/armv7e-m\libnosys.a(_exit.o)
 .ARM.attributes
                0x00000702       0x1e c:/freescale/kds_3.0.0/toolchain/bin/../lib/gcc/arm-none-eabi/4.8.4/armv7e-m/crtn.o
OUTPUT(CC3501Lab3Version1.elf elf32-littlearm)

.debug_info     0x00000000     0x4664
 .debug_info    0x00000000      0x168 ./Sources/Events.o
 .debug_info    0x00000168      0x224 ./Sources/main.o
 .debug_info    0x0000038c      0x20a ./Project_Settings/Startup_Code/startup.o
 .debug_info    0x00000596      0x23b ./Generated_Code/ADLightSensor.o
 .debug_info    0x000007d1      0xab5 ./Generated_Code/ASerialLdd1.o
 .debug_info    0x00001286      0x939 ./Generated_Code/ASerialLdd2.o
 .debug_info    0x00001bbf      0x885 ./Generated_Code/AdcLdd1.o
 .debug_info    0x00002444      0x9e9 ./Generated_Code/Cpu.o
 .debug_info    0x00002e2d      0x367 ./Generated_Code/Inhr1.o
 .debug_info    0x00003194      0x20b ./Generated_Code/Inhr2.o
 .debug_info    0x0000339f      0x251 ./Generated_Code/PE_LDD.o
 .debug_info    0x000035f0      0x36e ./Generated_Code/RealTimeLdd1.o
 .debug_info    0x0000395e      0x684 ./Generated_Code/TU1.o
 .debug_info    0x00003fe2      0x2ba ./Generated_Code/TermUART0.o
 .debug_info    0x0000429c      0x2ba ./Generated_Code/TermUART2.o
 .debug_info    0x00004556      0x10e ./Generated_Code/Vectors.o

.debug_abbrev   0x00000000     0x1443
 .debug_abbrev  0x00000000       0xa5 ./Sources/Events.o
 .debug_abbrev  0x000000a5       0xff ./Sources/main.o
 .debug_abbrev  0x000001a4      0x11e ./Project_Settings/Startup_Code/startup.o
 .debug_abbrev  0x000002c2      0x150 ./Generated_Code/ADLightSensor.o
 .debug_abbrev  0x00000412      0x1db ./Generated_Code/ASerialLdd1.o
 .debug_abbrev  0x000005ed      0x1c3 ./Generated_Code/ASerialLdd2.o
 .debug_abbrev  0x000007b0      0x1b4 ./Generated_Code/AdcLdd1.o
 .debug_abbrev  0x00000964      0x178 ./Generated_Code/Cpu.o
 .debug_abbrev  0x00000adc      0x18f ./Generated_Code/Inhr1.o
 .debug_abbrev  0x00000c6b      0x117 ./Generated_Code/Inhr2.o
 .debug_abbrev  0x00000d82      0x10d ./Generated_Code/PE_LDD.o
 .debug_abbrev  0x00000e8f      0x134 ./Generated_Code/RealTimeLdd1.o
 .debug_abbrev  0x00000fc3      0x16a ./Generated_Code/TU1.o
 .debug_abbrev  0x0000112d      0x139 ./Generated_Code/TermUART0.o
 .debug_abbrev  0x00001266      0x139 ./Generated_Code/TermUART2.o
 .debug_abbrev  0x0000139f       0xa4 ./Generated_Code/Vectors.o

.debug_aranges  0x00000000      0x478
 .debug_aranges
                0x00000000       0x40 ./Sources/Events.o
 .debug_aranges
                0x00000040       0x28 ./Sources/main.o
 .debug_aranges
                0x00000068       0x50 ./Project_Settings/Startup_Code/startup.o
 .debug_aranges
                0x000000b8       0x48 ./Generated_Code/ADLightSensor.o
 .debug_aranges
                0x00000100       0x50 ./Generated_Code/ASerialLdd1.o
 .debug_aranges
                0x00000150       0x58 ./Generated_Code/ASerialLdd2.o
 .debug_aranges
                0x000001a8       0x60 ./Generated_Code/AdcLdd1.o
 .debug_aranges
                0x00000208       0x40 ./Generated_Code/Cpu.o
 .debug_aranges
                0x00000248       0x60 ./Generated_Code/Inhr1.o
 .debug_aranges
                0x000002a8       0x48 ./Generated_Code/Inhr2.o
 .debug_aranges
                0x000002f0       0x30 ./Generated_Code/PE_LDD.o
 .debug_aranges
                0x00000320       0x40 ./Generated_Code/RealTimeLdd1.o
 .debug_aranges
                0x00000360       0x30 ./Generated_Code/TU1.o
 .debug_aranges
                0x00000390       0x68 ./Generated_Code/TermUART0.o
 .debug_aranges
                0x000003f8       0x68 ./Generated_Code/TermUART2.o
 .debug_aranges
                0x00000460       0x18 ./Generated_Code/Vectors.o

.debug_ranges   0x00000000      0x370
 .debug_ranges  0x00000000       0x30 ./Sources/Events.o
 .debug_ranges  0x00000030       0x18 ./Sources/main.o
 .debug_ranges  0x00000048       0x40 ./Project_Settings/Startup_Code/startup.o
 .debug_ranges  0x00000088       0x38 ./Generated_Code/ADLightSensor.o
 .debug_ranges  0x000000c0       0x40 ./Generated_Code/ASerialLdd1.o
 .debug_ranges  0x00000100       0x48 ./Generated_Code/ASerialLdd2.o
 .debug_ranges  0x00000148       0x50 ./Generated_Code/AdcLdd1.o
 .debug_ranges  0x00000198       0x30 ./Generated_Code/Cpu.o
 .debug_ranges  0x000001c8       0x50 ./Generated_Code/Inhr1.o
 .debug_ranges  0x00000218       0x38 ./Generated_Code/Inhr2.o
 .debug_ranges  0x00000250       0x20 ./Generated_Code/PE_LDD.o
 .debug_ranges  0x00000270       0x30 ./Generated_Code/RealTimeLdd1.o
 .debug_ranges  0x000002a0       0x20 ./Generated_Code/TU1.o
 .debug_ranges  0x000002c0       0x58 ./Generated_Code/TermUART0.o
 .debug_ranges  0x00000318       0x58 ./Generated_Code/TermUART2.o

.debug_macro    0x00000000    0x198d8
 .debug_macro   0x00000000      0x169 ./Sources/Events.o
 .debug_macro   0x00000169      0x84a ./Sources/Events.o
 .debug_macro   0x000009b3       0x16 ./Sources/Events.o
 .debug_macro   0x000009c9       0x44 ./Sources/Events.o
 .debug_macro   0x00000a0d      0x209 ./Sources/Events.o
 .debug_macro   0x00000c16     0x1679 ./Sources/Events.o
 .debug_macro   0x0000228f      0x14e ./Sources/Events.o
 .debug_macro   0x000023dd       0x6a ./Sources/Events.o
 .debug_macro   0x00002447     0x9b9f ./Sources/Events.o
 .debug_macro   0x0000bfe6       0x94 ./Sources/Events.o
 .debug_macro   0x0000c07a       0x94 ./Sources/Events.o
 .debug_macro   0x0000c10e      0x616 ./Sources/Events.o
 .debug_macro   0x0000c724       0x7b ./Sources/Events.o
 .debug_macro   0x0000c79f       0x10 ./Sources/Events.o
 .debug_macro   0x0000c7af      0x6a6 ./Sources/Events.o
 .debug_macro   0x0000ce55       0x52 ./Sources/Events.o
 .debug_macro   0x0000cea7       0x28 ./Sources/Events.o
 .debug_macro   0x0000cecf       0x18 ./Sources/Events.o
 .debug_macro   0x0000cee7       0x65 ./Sources/Events.o
 .debug_macro   0x0000cf4c       0x20 ./Sources/Events.o
 .debug_macro   0x0000cf6c       0x5e ./Sources/Events.o
 .debug_macro   0x0000cfca       0x11 ./Sources/Events.o
 .debug_macro   0x0000cfdb      0x169 ./Sources/main.o
 .debug_macro   0x0000d144      0x121 ./Project_Settings/Startup_Code/startup.o
 .debug_macro   0x0000d265       0x58 ./Project_Settings/Startup_Code/startup.o
 .debug_macro   0x0000d2bd       0x35 ./Project_Settings/Startup_Code/startup.o
 .debug_macro   0x0000d2f2       0xa3 ./Project_Settings/Startup_Code/startup.o
 .debug_macro   0x0000d395      0x166 ./Project_Settings/Startup_Code/startup.o
 .debug_macro   0x0000d4fb       0x4a ./Project_Settings/Startup_Code/startup.o
 .debug_macro   0x0000d545       0x52 ./Project_Settings/Startup_Code/startup.o
 .debug_macro   0x0000d597       0x16 ./Project_Settings/Startup_Code/startup.o
 .debug_macro   0x0000d5ad       0x43 ./Project_Settings/Startup_Code/startup.o
 .debug_macro   0x0000d5f0      0x180 ./Project_Settings/Startup_Code/startup.o
 .debug_macro   0x0000d770      0x2a6 ./Project_Settings/Startup_Code/startup.o
 .debug_macro   0x0000da16       0x10 ./Project_Settings/Startup_Code/startup.o
 .debug_macro   0x0000da26       0x35 ./Project_Settings/Startup_Code/startup.o
 .debug_macro   0x0000da5b       0x16 ./Project_Settings/Startup_Code/startup.o
 .debug_macro   0x0000da71       0x22 ./Project_Settings/Startup_Code/startup.o
 .debug_macro   0x0000da93       0x10 ./Project_Settings/Startup_Code/startup.o
 .debug_macro   0x0000daa3      0x20f ./Project_Settings/Startup_Code/startup.o
 .debug_macro   0x0000dcb2     0x9b93 ./Project_Settings/Startup_Code/startup.o
 .debug_macro   0x00017845      0x181 ./Generated_Code/ADLightSensor.o
 .debug_macro   0x000179c6       0x9a ./Generated_Code/ADLightSensor.o
 .debug_macro   0x00017a60       0xc5 ./Generated_Code/ASerialLdd1.o
 .debug_macro   0x00017b25       0x5f ./Generated_Code/ASerialLdd1.o
 .debug_macro   0x00017b84       0x26 ./Generated_Code/ASerialLdd1.o
 .debug_macro   0x00017baa      0x7ab ./Generated_Code/ASerialLdd1.o
 .debug_macro   0x00018355      0x9b1 ./Generated_Code/ASerialLdd1.o
 .debug_macro   0x00018d06       0xc5 ./Generated_Code/ASerialLdd2.o
 .debug_macro   0x00018dcb       0x58 ./Generated_Code/ASerialLdd2.o
 .debug_macro   0x00018e23       0x17 ./Generated_Code/ASerialLdd2.o
 .debug_macro   0x00018e3a       0xd3 ./Generated_Code/AdcLdd1.o
 .debug_macro   0x00018f0d      0x17e ./Generated_Code/Cpu.o
 .debug_macro   0x0001908b      0x1ed ./Generated_Code/Inhr1.o
 .debug_macro   0x00019278       0xdf ./Generated_Code/Inhr2.o
 .debug_macro   0x00019357      0x13b ./Generated_Code/PE_LDD.o
 .debug_macro   0x00019492       0xb5 ./Generated_Code/RealTimeLdd1.o
 .debug_macro   0x00019547       0xbb ./Generated_Code/TU1.o
 .debug_macro   0x00019602       0xad ./Generated_Code/TermUART0.o
 .debug_macro   0x000196af       0xad ./Generated_Code/TermUART2.o
 .debug_macro   0x0001975c      0x17c ./Generated_Code/Vectors.o

.debug_line     0x00000000     0x3742
 .debug_line    0x00000000      0x369 ./Sources/Events.o
 .debug_line    0x00000369      0x346 ./Sources/main.o
 .debug_line    0x000006af      0x3aa ./Project_Settings/Startup_Code/startup.o
 .debug_line    0x00000a59      0x3cf ./Generated_Code/ADLightSensor.o
 .debug_line    0x00000e28      0x363 ./Generated_Code/ASerialLdd1.o
 .debug_line    0x0000118b      0x33a ./Generated_Code/ASerialLdd2.o
 .debug_line    0x000014c5      0x358 ./Generated_Code/AdcLdd1.o
 .debug_line    0x0000181d      0x471 ./Generated_Code/Cpu.o
 .debug_line    0x00001c8e      0x4bc ./Generated_Code/Inhr1.o
 .debug_line    0x0000214a      0x27a ./Generated_Code/Inhr2.o
 .debug_line    0x000023c4      0x320 ./Generated_Code/PE_LDD.o
 .debug_line    0x000026e4      0x2ef ./Generated_Code/RealTimeLdd1.o
 .debug_line    0x000029d3      0x299 ./Generated_Code/TU1.o
 .debug_line    0x00002c6c      0x375 ./Generated_Code/TermUART0.o
 .debug_line    0x00002fe1      0x375 ./Generated_Code/TermUART2.o
 .debug_line    0x00003356      0x3ec ./Generated_Code/Vectors.o

.debug_str      0x00000000    0x5f283
 .debug_str     0x00000000    0x4d3fd ./Sources/Events.o
                              0x4d54d (size before relaxing)
 .debug_str     0x0004d3fd       0x5d ./Sources/main.o
                              0x4d538 (size before relaxing)
 .debug_str     0x0004d45a     0x25f0 ./Project_Settings/Startup_Code/startup.o
                              0x3a1be (size before relaxing)
 .debug_str     0x0004fa4a      0x19c ./Generated_Code/ADLightSensor.o
                              0x4d657 (size before relaxing)
 .debug_str     0x0004fbe6     0xe79f ./Generated_Code/ASerialLdd1.o
                              0x4dcde (size before relaxing)
 .debug_str     0x0005e385      0x104 ./Generated_Code/ASerialLdd2.o
                              0x4dba5 (size before relaxing)
 .debug_str     0x0005e489      0x309 ./Generated_Code/AdcLdd1.o
                              0x445d6 (size before relaxing)
 .debug_str     0x0005e792      0x240 ./Generated_Code/Cpu.o
                              0x4d874 (size before relaxing)
 .debug_str     0x0005e9d2      0x250 ./Generated_Code/Inhr1.o
                              0x4d7a3 (size before relaxing)
 .debug_str     0x0005ec22       0x9d ./Generated_Code/Inhr2.o
                              0x3f123 (size before relaxing)
 .debug_str     0x0005ecbf      0x17e ./Generated_Code/PE_LDD.o
                              0x4d66c (size before relaxing)
 .debug_str     0x0005ee3d      0x101 ./Generated_Code/RealTimeLdd1.o
                              0x483ce (size before relaxing)
 .debug_str     0x0005ef3e      0x197 ./Generated_Code/TU1.o
                              0x48549 (size before relaxing)
 .debug_str     0x0005f0d5       0xe7 ./Generated_Code/TermUART0.o
                              0x3f0dd (size before relaxing)
 .debug_str     0x0005f1bc       0xab ./Generated_Code/TermUART2.o
                              0x3f086 (size before relaxing)
 .debug_str     0x0005f267       0x1c ./Generated_Code/Vectors.o
                              0x4d4ff (size before relaxing)

.comment        0x00000000       0x70
 .comment       0x00000000       0x70 ./Sources/Events.o
                                 0x71 (size before relaxing)
 .comment       0x00000000       0x71 ./Sources/main.o
 .comment       0x00000000       0x71 ./Project_Settings/Startup_Code/startup.o
 .comment       0x00000000       0x71 ./Generated_Code/ADLightSensor.o
 .comment       0x00000000       0x71 ./Generated_Code/ASerialLdd1.o
 .comment       0x00000000       0x71 ./Generated_Code/ASerialLdd2.o
 .comment       0x00000000       0x71 ./Generated_Code/AdcLdd1.o
 .comment       0x00000000       0x71 ./Generated_Code/Cpu.o
 .comment       0x00000000       0x71 ./Generated_Code/Inhr1.o
 .comment       0x00000000       0x71 ./Generated_Code/Inhr2.o
 .comment       0x00000000       0x71 ./Generated_Code/PE_LDD.o
 .comment       0x00000000       0x71 ./Generated_Code/RealTimeLdd1.o
 .comment       0x00000000       0x71 ./Generated_Code/TU1.o
 .comment       0x00000000       0x71 ./Generated_Code/TermUART0.o
 .comment       0x00000000       0x71 ./Generated_Code/TermUART2.o
 .comment       0x00000000       0x71 ./Generated_Code/Vectors.o

.debug_frame    0x00000000      0xf88
 .debug_frame   0x00000000       0x98 ./Sources/Events.o
 .debug_frame   0x00000098       0x50 ./Sources/main.o
 .debug_frame   0x000000e8       0xc0 ./Project_Settings/Startup_Code/startup.o
 .debug_frame   0x000001a8       0xc4 ./Generated_Code/ADLightSensor.o
 .debug_frame   0x0000026c       0xec ./Generated_Code/ASerialLdd1.o
 .debug_frame   0x00000358      0x100 ./Generated_Code/ASerialLdd2.o
 .debug_frame   0x00000458      0x114 ./Generated_Code/AdcLdd1.o
 .debug_frame   0x0000056c       0xa4 ./Generated_Code/Cpu.o
 .debug_frame   0x00000610      0x118 ./Generated_Code/Inhr1.o
 .debug_frame   0x00000728       0xc0 ./Generated_Code/Inhr2.o
 .debug_frame   0x000007e8       0x64 ./Generated_Code/PE_LDD.o
 .debug_frame   0x0000084c       0xac ./Generated_Code/RealTimeLdd1.o
 .debug_frame   0x000008f8       0x6c ./Generated_Code/TU1.o
 .debug_frame   0x00000964      0x13c ./Generated_Code/TermUART0.o
 .debug_frame   0x00000aa0      0x13c ./Generated_Code/TermUART2.o
 .debug_frame   0x00000bdc       0x28 c:/freescale/kds_3.0.0/toolchain/bin/../lib/gcc/arm-none-eabi/4.8.4/../../../../arm-none-eabi/lib/armv7e-m\libg_s.a(lib_a-exit.o)
 .debug_frame   0x00000c04       0x2c c:/freescale/kds_3.0.0/toolchain/bin/../lib/gcc/arm-none-eabi/4.8.4/../../../../arm-none-eabi/lib/armv7e-m\libg_s.a(lib_a-init.o)
 .debug_frame   0x00000c30       0x20 c:/freescale/kds_3.0.0/toolchain/bin/../lib/gcc/arm-none-eabi/4.8.4/../../../../arm-none-eabi/lib/armv7e-m\libg_s.a(lib_a-memset.o)
 .debug_frame   0x00000c50       0x58 c:/freescale/kds_3.0.0/toolchain/bin/../lib/gcc/arm-none-eabi/4.8.4/../../../../arm-none-eabi/lib/armv7e-m\libg_s.a(lib_a-sprintf.o)
 .debug_frame   0x00000ca8       0x88 c:/freescale/kds_3.0.0/toolchain/bin/../lib/gcc/arm-none-eabi/4.8.4/../../../../arm-none-eabi/lib/armv7e-m\libg_s.a(lib_a-svfprintf.o)
 .debug_frame   0x00000d30       0x60 c:/freescale/kds_3.0.0/toolchain/bin/../lib/gcc/arm-none-eabi/4.8.4/../../../../arm-none-eabi/lib/armv7e-m\libg_s.a(lib_a-vfprintf_i.o)
 .debug_frame   0x00000d90       0x28 c:/freescale/kds_3.0.0/toolchain/bin/../lib/gcc/arm-none-eabi/4.8.4/../../../../arm-none-eabi/lib/armv7e-m\libg_s.a(lib_a-memchr-stub.o)
 .debug_frame   0x00000db8       0x28 c:/freescale/kds_3.0.0/toolchain/bin/../lib/gcc/arm-none-eabi/4.8.4/../../../../arm-none-eabi/lib/armv7e-m\libg_s.a(lib_a-memcpy-stub.o)
 .debug_frame   0x00000de0       0x2c c:/freescale/kds_3.0.0/toolchain/bin/../lib/gcc/arm-none-eabi/4.8.4/../../../../arm-none-eabi/lib/armv7e-m\libg_s.a(lib_a-memmove.o)
 .debug_frame   0x00000e0c       0x2c c:/freescale/kds_3.0.0/toolchain/bin/../lib/gcc/arm-none-eabi/4.8.4/../../../../arm-none-eabi/lib/armv7e-m\libg_s.a(lib_a-nano-freer.o)
 .debug_frame   0x00000e38       0x2c c:/freescale/kds_3.0.0/toolchain/bin/../lib/gcc/arm-none-eabi/4.8.4/../../../../arm-none-eabi/lib/armv7e-m\libg_s.a(lib_a-nano-mallocr.o)
 .debug_frame   0x00000e64       0x30 c:/freescale/kds_3.0.0/toolchain/bin/../lib/gcc/arm-none-eabi/4.8.4/../../../../arm-none-eabi/lib/armv7e-m\libg_s.a(lib_a-nano-reallocr.o)
 .debug_frame   0x00000e94       0x2c c:/freescale/kds_3.0.0/toolchain/bin/../lib/gcc/arm-none-eabi/4.8.4/../../../../arm-none-eabi/lib/armv7e-m\libg_s.a(lib_a-sbrkr.o)
 .debug_frame   0x00000ec0       0x20 c:/freescale/kds_3.0.0/toolchain/bin/../lib/gcc/arm-none-eabi/4.8.4/../../../../arm-none-eabi/lib/armv7e-m\libg_s.a(lib_a-strlen.o)
 .debug_frame   0x00000ee0       0x20 c:/freescale/kds_3.0.0/toolchain/bin/../lib/gcc/arm-none-eabi/4.8.4/../../../../arm-none-eabi/lib/armv7e-m\libg_s.a(lib_a-nano-msizer.o)
 .debug_frame   0x00000f00       0x48 c:/freescale/kds_3.0.0/toolchain/bin/../lib/gcc/arm-none-eabi/4.8.4/../../../../arm-none-eabi/lib/armv7e-m\libg_s.a(lib_a-reent.o)
 .debug_frame   0x00000f48       0x20 c:/freescale/kds_3.0.0/toolchain/bin/../lib/gcc/arm-none-eabi/4.8.4/../../../../arm-none-eabi/lib/armv7e-m\libnosys.a(sbrk.o)
 .debug_frame   0x00000f68       0x20 c:/freescale/kds_3.0.0/toolchain/bin/../lib/gcc/arm-none-eabi/4.8.4/../../../../arm-none-eabi/lib/armv7e-m\libnosys.a(_exit.o)
